Component: ARM Compiler 5.06 update 1 (build 61) Tool: armlink [4d35a8]

==============================================================================

Section Cross References

    main.o(i.main) refers to bsp.o(i.BspInit) for BspInit
    main.o(i.main) refers to common.o(i.CommonInit) for CommonInit
    main.o(i.main) refers to common.o(i.Print) for Print
    main.o(i.main) refers to common.o(i.CommonExec) for CommonExec
    main.o(i.main) refers to bsptime2.o(.bss) for g_Tim2Array
    common.o(i.AppChoose) refers to bsp.o(i.BspClose) for BspClose
    common.o(i.AppChoose) refers to cortexm3_macro.o(.text) for __MSR_MSP
    common.o(i.AppChoose) refers to common.o(i.Print) for Print
    common.o(i.AppChoose) refers to common.o(.data) for .data
    common.o(i.AppChoose) refers to bsptime2.o(.bss) for g_Tim2Array
    common.o(i.CommonExec) refers to common.o(.data) for .data
    common.o(i.CommonExec) refers to common.o(.bss) for .bss
    common.o(i.CommonExec) refers to common.o(i.AppChoose) for AppChoose
    common.o(i.CommonExec) refers to common.o(i.DisplayMessage) for DisplayMessage
    common.o(i.CommonExec) refers to common.o(i.InputSelect) for InputSelect
    common.o(i.CommonExec) refers to common.o(i.ReceiveData) for ReceiveData
    common.o(i.CommonInit) refers to bsptime3.o(i.BspTim3SetIRQCallBack) for BspTim3SetIRQCallBack
    common.o(i.CommonInit) refers to bspusart1.o(i.BspUsart1IRQCallBack) for BspUsart1IRQCallBack
    common.o(i.CommonInit) refers to common.o(i.TimEndHandle) for TimEndHandle
    common.o(i.CommonInit) refers to common.o(i.ReceOneChar) for ReceOneChar
    common.o(i.DisplayMessage) refers to strcpy.o(.text) for strcpy
    common.o(i.DisplayMessage) refers to strcat.o(.text) for strcat
    common.o(i.DisplayMessage) refers to common.o(i.Print) for Print
    common.o(i.InputSelect) refers to common.o(i.Print) for Print
    common.o(i.InputSelect) refers to common.o(.data) for .data
    common.o(i.InputSelect) refers to download.o(i.FLASH_ProgramStart) for FLASH_ProgramStart
    common.o(i.InputSelect) refers to download.o(i.FLASH_WriteBank) for FLASH_WriteBank
    common.o(i.InputSelect) refers to download.o(i.FLASH_ProgramDone) for FLASH_ProgramDone
    common.o(i.Print) refers to strlen.o(.text) for strlen
    common.o(i.Print) refers to bspusart1.o(i.BspUsart1Send) for BspUsart1Send
    common.o(i.ReceOneChar) refers to bsptime3.o(i.BspTim3Open) for BspTim3Open
    common.o(i.ReceOneChar) refers to common.o(.bss) for .bss
    common.o(i.ReceiveData) refers to rt_memclr_w.o(.text) for __aeabi_memclr4
    common.o(i.ReceiveData) refers to ymodem.o(i.YmodemReceive) for YmodemReceive
    common.o(i.ReceiveData) refers to common.o(i.Print) for Print
    common.o(i.ReceiveData) refers to common.o(.data) for .data
    common.o(i.TimEndHandle) refers to bsptime3.o(i.BspTim3Close) for BspTim3Close
    common.o(i.TimEndHandle) refers to common.o(.bss) for .bss
    download.o(i.FLASH_ProgramDone) refers to stm32f10x_flash.o(i.FLASH_Lock) for FLASH_Lock
    download.o(i.FLASH_ProgramStart) refers to stm32f10x_flash.o(i.FLASH_Unlock) for FLASH_Unlock
    download.o(i.FLASH_ProgramStart) refers to stm32f10x_flash.o(i.FLASH_ErasePage) for FLASH_ErasePage
    download.o(i.FLASH_WriteBank) refers to stm32f10x_flash.o(i.FLASH_ProgramHalfWord) for FLASH_ProgramHalfWord
    ymodem.o(i.ReceivePacket) refers to rt_memcpy_v6.o(.text) for __aeabi_memcpy
    ymodem.o(i.YmodemReceive) refers to ymodem.o(i.YmodemSendChar) for YmodemSendChar
    ymodem.o(i.YmodemReceive) refers to ymodem.o(i.ReceivePacket) for ReceivePacket
    ymodem.o(i.YmodemReceive) refers to ymodem.o(.data) for .data
    ymodem.o(i.YmodemReceive) refers to bsptime2.o(.bss) for g_Tim2Array
    ymodem.o(i.YmodemSendChar) refers to bspusart1.o(i.BspUsart1Send) for BspUsart1Send
    bsp.o(i.BspClose) refers to bsptime2.o(i.BspTim2Close) for BspTim2Close
    bsp.o(i.BspClose) refers to bsptime3.o(i.BspTim3Close) for BspTim3Close
    bsp.o(i.BspClose) refers to bspusart1.o(i.BspUsart1Close) for BspUsart1Close
    bsp.o(i.BspInit) refers to bsp.o(i.RCC_Configuration) for RCC_Configuration
    bsp.o(i.BspInit) refers to bsp.o(i.NVIC_Configuration) for NVIC_Configuration
    bsp.o(i.BspInit) refers to bsp.o(i.GPIO_Configuration) for GPIO_Configuration
    bsp.o(i.BspInit) refers to bsptime2.o(i.BspTim2Init) for BspTim2Init
    bsp.o(i.BspInit) refers to bsptime3.o(i.BspTim3Init) for BspTim3Init
    bsp.o(i.BspInit) refers to bspusart1.o(i.BspUsart1Init) for BspUsart1Init
    bsp.o(i.GPIO_Configuration) refers to stm32f10x_rcc.o(i.RCC_APB2PeriphClockCmd) for RCC_APB2PeriphClockCmd
    bsp.o(i.GPIO_Configuration) refers to stm32f10x_gpio.o(i.GPIO_Init) for GPIO_Init
    bsp.o(i.GPIO_Configuration) refers to bsp.o(.data) for .data
    bsp.o(i.IWDG_Init) refers to stm32f10x_iwdg.o(i.IWDG_WriteAccessCmd) for IWDG_WriteAccessCmd
[...]
    Removing stm32f10x_usart.o(i.USART_SetAddress), (16 bytes).
    Removing stm32f10x_usart.o(i.USART_SetGuardTime), (16 bytes).
    Removing stm32f10x_usart.o(i.USART_SetPrescaler), (16 bytes).
    Removing stm32f10x_usart.o(i.USART_SmartCardCmd), (20 bytes).
    Removing stm32f10x_usart.o(i.USART_SmartCardNACKCmd), (20 bytes).
    Removing stm32f10x_usart.o(i.USART_StructInit), (22 bytes).
    Removing stm32f10x_usart.o(i.USART_WakeUpConfig), (16 bytes).
    Removing stm32f10x_iwdg.o(i.IWDG_Enable), (16 bytes).
    Removing stm32f10x_iwdg.o(i.IWDG_GetFlagStatus), (20 bytes).
    Removing stm32f10x_iwdg.o(i.IWDG_ReloadCounter), (16 bytes).
    Removing stm32f10x_iwdg.o(i.IWDG_SetPrescaler), (12 bytes).
    Removing stm32f10x_iwdg.o(i.IWDG_SetReload), (12 bytes).
    Removing stm32f10x_iwdg.o(i.IWDG_WriteAccessCmd), (12 bytes).

209 unused section(s) (total 5734 bytes) removed from the image.

==============================================================================

Image Symbol Table

    Local Symbols

    Symbol Name                              Value     Ov Type        Size  Object(Section)

    ../clib/angel/boardlib.s                 0x00000000   Number         0  boardinit2.o ABSOLUTE
    ../clib/angel/boardlib.s                 0x00000000   Number         0  boardinit3.o ABSOLUTE
    ../clib/angel/boardlib.s                 0x00000000   Number         0  boardinit1.o ABSOLUTE
    ../clib/angel/boardlib.s                 0x00000000   Number         0  boardshut.o ABSOLUTE
    ../clib/angel/handlers.s                 0x00000000   Number         0  __scatter_copy.o ABSOLUTE
    ../clib/angel/handlers.s                 0x00000000   Number         0  __scatter_zi.o ABSOLUTE
    ../clib/angel/kernel.s                   0x00000000   Number         0  __rtentry4.o ABSOLUTE
    ../clib/angel/kernel.s                   0x00000000   Number         0  __rtentry2.o ABSOLUTE
    ../clib/angel/kernel.s                   0x00000000   Number         0  __rtentry.o ABSOLUTE
    ../clib/angel/kernel.s                   0x00000000   Number         0  rtexit.o ABSOLUTE
    ../clib/angel/kernel.s                   0x00000000   Number         0  rtexit2.o ABSOLUTE
    ../clib/angel/rt.s                       0x00000000   Number         0  rt_raise.o ABSOLUTE
    ../clib/angel/scatter.s                  0x00000000   Number         0  __scatter.o ABSOLUTE
    ../clib/angel/startup.s                  0x00000000   Number         0  __main.o ABSOLUTE
    ../clib/angel/sys.s                      0x00000000   Number         0  libspace.o ABSOLUTE
    ../clib/angel/sys.s                      0x00000000   Number         0  indicate_semi.o ABSOLUTE
    ../clib/angel/sys.s                      0x00000000   Number         0  use_no_semi.o ABSOLUTE
    ../clib/angel/sys.s                      0x00000000   Number         0  sys_stackheap_outer.o ABSOLUTE
    ../clib/angel/sysapp.c                   0x00000000   Number         0  sys_wrch.o ABSOLUTE
    ../clib/angel/sysapp.c                   0x00000000   Number         0  sys_exit.o ABSOLUTE
    ../clib/angel/sysapp.c                   0x00000000   Number         0  sys_command.o ABSOLUTE
    ../clib/armsys.c                         0x00000000   Number         0  no_argv.o ABSOLUTE
    ../clib/armsys.c                         0x00000000   Number         0  argv_veneer.o ABSOLUTE
    ../clib/armsys.c                         0x00000000   Number         0  _get_argv_nomalloc.o ABSOLUTE
    ../clib/armsys.c                         0x00000000   Number         0  argv_veneer.o ABSOLUTE
    ../clib/heapalloc.c                      0x00000000   Number         0  hrguard.o ABSOLUTE
    ../clib/heapaux.c                        0x00000000   Number         0  heapauxi.o ABSOLUTE
    ../clib/libinit.s                        0x00000000   Number         0  libinit.o ABSOLUTE
    ../clib/libinit.s                        0x00000000   Number         0  libshutdown.o ABSOLUTE
    ../clib/libinit.s                        0x00000000   Number         0  libshutdown2.o ABSOLUTE
    ../clib/libinit.s                        0x00000000   Number         0  libinit2.o ABSOLUTE
    ../clib/memcpset.s                       0x00000000   Number         0  rt_memcpy_v6.o ABSOLUTE
    ../clib/memcpset.s                       0x00000000   Number         0  rt_memcpy_w.o ABSOLUTE
    ../clib/memcpset.s                       0x00000000   Number         0  rt_memclr_w.o ABSOLUTE
    ../clib/signal.c                         0x00000000   Number         0  defsig_exit.o ABSOLUTE
    ../clib/signal.c                         0x00000000   Number         0  defsig_general.o ABSOLUTE
    ../clib/signal.c                         0x00000000   Number         0  defsig_rtmem_outer.o ABSOLUTE
    ../clib/signal.c                         0x00000000   Number         0  defsig_other.o ABSOLUTE
    ../clib/signal.c                         0x00000000   Number         0  defsig_segv_inner.o ABSOLUTE
    ../clib/signal.c                         0x00000000   Number         0  defsig_abrt_inner.o ABSOLUTE
    ../clib/signal.c                         0x00000000   Number         0  defsig_cppl_inner.o ABSOLUTE
    ../clib/signal.c                         0x00000000   Number         0  defsig_pvfn_inner.o ABSOLUTE
    ../clib/signal.c                         0x00000000   Number         0  defsig_stak_inner.o ABSOLUTE
    ../clib/signal.c                         0x00000000   Number         0  defsig_rtred_inner.o ABSOLUTE
    ../clib/signal.c                         0x00000000   Number         0  defsig_fpe_inner.o ABSOLUTE
    ../clib/signal.c                         0x00000000   Number         0  defsig_rtmem_formal.o ABSOLUTE
    ../clib/signal.c                         0x00000000   Number         0  __raise.o ABSOLUTE
    ../clib/signal.c                         0x00000000   Number         0  defsig_rtmem_inner.o ABSOLUTE
    ../clib/signal.s                         0x00000000   Number         0  defsig.o ABSOLUTE
    ../clib/stdlib.c                         0x00000000   Number         0  exit.o ABSOLUTE
    ../clib/string.c                         0x00000000   Number         0  strcat.o ABSOLUTE
    ../clib/string.c                         0x00000000   Number         0  strlen.o ABSOLUTE
    ../clib/string.c                         0x00000000   Number         0  strcpy.o ABSOLUTE
    ../fplib/fpinit.s                        0x00000000   Number         0  fpinit.o ABSOLUTE
    SOFTWARE\APP\common.c                    0x00000000   Number         0  common.o ABSOLUTE
    SOFTWARE\APP\download.c                  0x00000000   Number         0  download.o ABSOLUTE
    SOFTWARE\APP\main.c                      0x00000000   Number         0  main.o ABSOLUTE
    SOFTWARE\APP\ymodem.c                    0x00000000   Number         0  ymodem.o ABSOLUTE
    SOFTWARE\BSP\BspTime2.c                  0x00000000   Number         0  bsptime2.o ABSOLUTE
    SOFTWARE\BSP\BspTime3.c                  0x00000000   Number         0  bsptime3.o ABSOLUTE
    SOFTWARE\BSP\BspUsart1.c                 0x00000000   Number         0  bspusart1.o ABSOLUTE
    SOFTWARE\BSP\bsp.c                       0x00000000   Number         0  bsp.o ABSOLUTE
    SOFTWARE\FWLib\LIB\cortexm3_macro.s      0x00000000   Number         0  cortexm3_macro.o ABSOLUTE
    SOFTWARE\FWLib\LIB\stm32f10x_flash.c     0x00000000   Number         0  stm32f10x_flash.o ABSOLUTE
    SOFTWARE\FWLib\LIB\stm32f10x_gpio.c      0x00000000   Number         0  stm32f10x_gpio.o ABSOLUTE
    SOFTWARE\FWLib\LIB\stm32f10x_it.c        0x00000000   Number         0  stm32f10x_it.o ABSOLUTE
    SOFTWARE\FWLib\LIB\stm32f10x_iwdg.c      0x00000000   Number         0  stm32f10x_iwdg.o ABSOLUTE
    SOFTWARE\FWLib\LIB\stm32f10x_lib.c       0x00000000   Number         0  stm32f10x_lib.o ABSOLUTE
    SOFTWARE\FWLib\LIB\stm32f10x_nvic.c      0x00000000   Number         0  stm32f10x_nvic.o ABSOLUTE
    SOFTWARE\FWLib\LIB\stm32f10x_rcc.c       0x00000000   Number         0  stm32f10x_rcc.o ABSOLUTE
    SOFTWARE\FWLib\LIB\stm32f10x_spi.c       0x00000000   Number         0  stm32f10x_spi.o ABSOLUTE
    SOFTWARE\FWLib\LIB\stm32f10x_tim.c       0x00000000   Number         0  stm32f10x_tim.o ABSOLUTE
    SOFTWARE\FWLib\LIB\stm32f10x_usart.c     0x00000000   Number         0  stm32f10x_usart.o ABSOLUTE
    SOFTWARE\FWLib\stm32f10x_vector.s        0x00000000   Number         0  stm32f10x_vector.o ABSOLUTE
    dc.s                                     0x00000000   Number         0  dc.o ABSOLUTE
    RESET                                    0x08000000   Section      304  stm32f10x_vector.o(RESET)
    !!!main                                  0x08000130   Section        8  __main.o(!!!main)
    !!!scatter                               0x08000138   Section       52  __scatter.o(!!!scatter)
    !!handler_copy                           0x0800016c   Section       26  __scatter_copy.o(!!handler_copy)
    !!handler_zi                             0x08000188   Section       28  __scatter_zi.o(!!handler_zi)
    .ARM.Collect$$libinit$$00000000          0x080001a4   Section        2  libinit.o(.ARM.Collect$$libinit$$00000000)
    .ARM.Collect$$libinit$$00000002          0x080001a6   Section        0  libinit2.o(.ARM.Collect$$libinit$$00000002)
    .ARM.Collect$$libinit$$00000004          0x080001a6   Section        0  libinit2.o(.ARM.Collect$$libinit$$00000004)
    .ARM.Collect$$libinit$$0000000A          0x080001a6   Section        0  libinit2.o(.ARM.Collect$$libinit$$0000000A)
    .ARM.Collect$$libinit$$0000000C          0x080001a6   Section        0  libinit2.o(.ARM.Collect$$libinit$$0000000C)
    .ARM.Collect$$libinit$$0000000E          0x080001a6   Section        0  libinit2.o(.ARM.Collect$$libinit$$0000000E)
    .ARM.Collect$$libinit$$00000011          0x080001a6   Section        0  libinit2.o(.ARM.Collect$$libinit$$00000011)
    .ARM.Collect$$libinit$$00000013          0x080001a6   Section        0  libinit2.o(.ARM.Collect$$libinit$$00000013)
    .ARM.Collect$$libinit$$00000015          0x080001a6   Section        0  libinit2.o(.ARM.Collect$$libinit$$00000015)
    .ARM.Collect$$libinit$$00000017          0x080001a6   Section        0  libinit2.o(.ARM.Collect$$libinit$$00000017)
    .ARM.Collect$$libinit$$00000019          0x080001a6   Section        0  libinit2.o(.ARM.Collect$$libinit$$00000019)
    .ARM.Collect$$libinit$$0000001B          0x080001a6   Section        0  libinit2.o(.ARM.Collect$$libinit$$0000001B)
    .ARM.Collect$$libinit$$0000001D          0x080001a6   Section        0  libinit2.o(.ARM.Collect$$libinit$$0000001D)
    .ARM.Collect$$libinit$$0000001F          0x080001a6   Section        0  libinit2.o(.ARM.Collect$$libinit$$0000001F)
    .ARM.Collect$$libinit$$00000021          0x080001a6   Section        0  libinit2.o(.ARM.Collect$$libinit$$00000021)
    .ARM.Collect$$libinit$$00000023          0x080001a6   Section        0  libinit2.o(.ARM.Collect$$libinit$$00000023)
    .ARM.Collect$$libinit$$00000025          0x080001a6   Section        0  libinit2.o(.ARM.Collect$$libinit$$00000025)
    .ARM.Collect$$libinit$$0000002C          0x080001a6   Section        0  libinit2.o(.ARM.Collect$$libinit$$0000002C)
    .ARM.Collect$$libinit$$0000002E          0x080001a6   Section        0  libinit2.o(.ARM.Collect$$libinit$$0000002E)
    .ARM.Collect$$libinit$$00000030          0x080001a6   Section        0  libinit2.o(.ARM.Collect$$libinit$$00000030)
    .ARM.Collect$$libinit$$00000032          0x080001a6   Section        0  libinit2.o(.ARM.Collect$$libinit$$00000032)
    .ARM.Collect$$libinit$$00000033          0x080001a6   Section        2  libinit2.o(.ARM.Collect$$libinit$$00000033)
    .ARM.Collect$$libshutdown$$00000000      0x080001a8   Section        2  libshutdown.o(.ARM.Collect$$libshutdown$$00000000)
    .ARM.Collect$$libshutdown$$00000002      0x080001aa   Section        0  libshutdown2.o(.ARM.Collect$$libshutdown$$00000002)
    .ARM.Collect$$libshutdown$$00000004      0x080001aa   Section        0  libshutdown2.o(.ARM.Collect$$libshutdown$$00000004)
    .ARM.Collect$$libshutdown$$00000007      0x080001aa   Section        0  libshutdown2.o(.ARM.Collect$$libshutdown$$00000007)
    .ARM.Collect$$libshutdown$$0000000A      0x080001aa   Section        0  libshutdown2.o(.ARM.Collect$$libshutdown$$0000000A)
    .ARM.Collect$$libshutdown$$0000000C      0x080001aa   Section        0  libshutdown2.o(.ARM.Collect$$libshutdown$$0000000C)
    .ARM.Collect$$libshutdown$$0000000F      0x080001aa   Section        0  libshutdown2.o(.ARM.Collect$$libshutdown$$0000000F)
    .ARM.Collect$$libshutdown$$00000010      0x080001aa   Section        2  libshutdown2.o(.ARM.Collect$$libshutdown$$00000010)
    .ARM.Collect$$rtentry$$00000000          0x080001ac   Section        0  __rtentry.o(.ARM.Collect$$rtentry$$00000000)
    .ARM.Collect$$rtentry$$00000002          0x080001ac   Section        0  __rtentry2.o(.ARM.Collect$$rtentry$$00000002)
    .ARM.Collect$$rtentry$$00000004          0x080001ac   Section        6  __rtentry4.o(.ARM.Collect$$rtentry$$00000004)
    .ARM.Collect$$rtentry$$00000009          0x080001b2   Section        0  __rtentry2.o(.ARM.Collect$$rtentry$$00000009)
    .ARM.Collect$$rtentry$$0000000A          0x080001b2   Section        4  __rtentry2.o(.ARM.Collect$$rtentry$$0000000A)
    .ARM.Collect$$rtentry$$0000000C          0x080001b6   Section        0  __rtentry2.o(.ARM.Collect$$rtentry$$0000000C)
    .ARM.Collect$$rtentry$$0000000D          0x080001b6   Section        8  __rtentry2.o(.ARM.Collect$$rtentry$$0000000D)
    .ARM.Collect$$rtexit$$00000000           0x080001be   Section        2  rtexit.o(.ARM.Collect$$rtexit$$00000000)
    .ARM.Collect$$rtexit$$00000002           0x080001c0   Section        0  rtexit2.o(.ARM.Collect$$rtexit$$00000002)
    .ARM.Collect$$rtexit$$00000003           0x080001c0   Section        4  rtexit2.o(.ARM.Collect$$rtexit$$00000003)
    .ARM.Collect$$rtexit$$00000004           0x080001c4   Section        6  rtexit2.o(.ARM.Collect$$rtexit$$00000004)
    .text                                    0x080001cc   Section       36  stm32f10x_vector.o(.text)
    .text                                    0x080001f0   Section      122  cortexm3_macro.o(.text)
    .text                                    0x0800026a   Section        0  strcpy.o(.text)
    .text                                    0x080002b2   Section        0  strlen.o(.text)
    .text                                    0x080002f0   Section        0  strcat.o(.text)
    .text                                    0x08000308   Section      138  rt_memcpy_v6.o(.text)
    .text                                    0x08000392   Section       78  rt_memclr_w.o(.text)
    .text                                    0x080003e0   Section        0  heapauxi.o(.text)
    .text                                    0x080003e6   Section      100  rt_memcpy_w.o(.text)
    .text                                    0x0800044a   Section       74  sys_stackheap_outer.o(.text)
    .text                                    0x08000494   Section        0  exit.o(.text)
    .text                                    0x080004a8   Section        8  libspace.o(.text)
    .text                                    0x080004b0   Section        0  sys_exit.o(.text)
    .text                                    0x080004bc   Section        2  use_no_semi.o(.text)
    .text                                    0x080004be   Section        0  indicate_semi.o(.text)
    i.ADC1_2_IRQHandler                      0x080004be   Section        0  stm32f10x_it.o(i.ADC1_2_IRQHandler)
    i.ADC3_IRQHandler                        0x080004c0   Section        0  stm32f10x_it.o(i.ADC3_IRQHandler)
    i.AppChoose                              0x080004c4   Section        0  common.o(i.AppChoose)
    AppChoose                                0x080004c5   Thumb Code    98  common.o(i.AppChoose)
    i.BspClose                               0x08000544   Section        0  bsp.o(i.BspClose)
    i.BspInit                                0x08000556   Section        0  bsp.o(i.BspInit)
    i.BspTim2Close                           0x08000574   Section        0  bsptime2.o(i.BspTim2Close)
    i.BspTim2Init                            0x0800058e   Section        0  bsptime2.o(i.BspTim2Init)
    i.BspTim3Close                           0x080005fc   Section        0  bsptime3.o(i.BspTim3Close)
    i.BspTim3Init                            0x08000624   Section        0  bsptime3.o(i.BspTim3Init)
    i.BspTim3Open                            0x08000698   Section        0  bsptime3.o(i.BspTim3Open)
    i.BspTim3SetIRQCallBack                  0x080006c0   Section        0  bsptime3.o(i.BspTim3SetIRQCallBack)
    i.BspUsart1Close                         0x080006cc   Section        0  bspusart1.o(i.BspUsart1Close)
    i.BspUsart1IRQCallBack                   0x08000730   Section        0  bspusart1.o(i.BspUsart1IRQCallBack)
    i.BspUsart1Init                          0x0800073c   Section        0  bspusart1.o(i.BspUsart1Init)
    i.BspUsart1Send                          0x08000820   Section        0  bspusart1.o(i.BspUsart1Send)
    i.BusFaultException                      0x080008b4   Section        0  stm32f10x_it.o(i.BusFaultException)
    i.CAN_RX1_IRQHandler                     0x080008b6   Section        0  stm32f10x_it.o(i.CAN_RX1_IRQHandler)
    i.CAN_SCE_IRQHandler                     0x080008b8   Section        0  stm32f10x_it.o(i.CAN_SCE_IRQHandler)
    i.CommonExec                             0x080008bc   Section        0  common.o(i.CommonExec)
    i.CommonInit                             0x08000908   Section        0  common.o(i.CommonInit)
    i.DMA1_Channel1_IRQHandler               0x08000924   Section        0  stm32f10x_it.o(i.DMA1_Channel1_IRQHandler)
    i.DMA1_Channel2_IRQHandler               0x08000926   Section        0  stm32f10x_it.o(i.DMA1_Channel2_IRQHandler)
    i.DMA1_Channel3_IRQHandler               0x08000928   Section        0  stm32f10x_it.o(i.DMA1_Channel3_IRQHandler)
    i.DMA1_Channel4_IRQHandler               0x0800092a   Section        0  stm32f10x_it.o(i.DMA1_Channel4_IRQHandler)
    i.DMA1_Channel5_IRQHandler               0x0800092c   Section        0  stm32f10x_it.o(i.DMA1_Channel5_IRQHandler)
    i.DMA1_Channel6_IRQHandler               0x0800092e   Section        0  stm32f10x_it.o(i.DMA1_Channel6_IRQHandler)
    i.DMA1_Channel7_IRQHandler               0x08000930   Section        0  stm32f10x_it.o(i.DMA1_Channel7_IRQHandler)
    i.DMA2_Channel1_IRQHandler               0x08000932   Section        0  stm32f10x_it.o(i.DMA2_Channel1_IRQHandler)
    i.DMA2_Channel2_IRQHandler               0x08000934   Section        0  stm32f10x_it.o(i.DMA2_Channel2_IRQHandler)
    i.DMA2_Channel3_IRQHandler               0x08000936   Section        0  stm32f10x_it.o(i.DMA2_Channel3_IRQHandler)
    i.DMA2_Channel4_5_IRQHandler             0x08000938   Section        0  stm32f10x_it.o(i.DMA2_Channel4_5_IRQHandler)
    i.DebugMonitor                           0x0800093a   Section        0  stm32f10x_it.o(i.DebugMonitor)
    i.Delay                                  0x0800093c   Section        0  bsp.o(i.Delay)
    i.DisplayMessage                         0x0800094c   Section        0  common.o(i.DisplayMessage)
    DisplayMessage                           0x0800094d   Thumb Code    68  common.o(i.DisplayMessage)
    i.EXTI0_IRQHandler                       0x08000a40   Section        0  stm32f10x_it.o(i.EXTI0_IRQHandler)
    i.EXTI15_10_IRQHandler                   0x08000a42   Section        0  stm32f10x_it.o(i.EXTI15_10_IRQHandler)
    i.EXTI1_IRQHandler                       0x08000a44   Section        0  stm32f10x_it.o(i.EXTI1_IRQHandler)
    i.EXTI2_IRQHandler                       0x08000a46   Section        0  stm32f10x_it.o(i.EXTI2_IRQHandler)
    i.EXTI3_IRQHandler                       0x08000a48   Section        0  stm32f10x_it.o(i.EXTI3_IRQHandler)
    i.EXTI4_IRQHandler                       0x08000a4a   Section        0  stm32f10x_it.o(i.EXTI4_IRQHandler)
    i.EXTI9_5_IRQHandler                     0x08000a4c   Section        0  stm32f10x_it.o(i.EXTI9_5_IRQHandler)
    i.FLASH_ErasePage                        0x08000a50   Section        0  stm32f10x_flash.o(i.FLASH_ErasePage)
    i.FLASH_GetStatus                        0x08000a90   Section        0  stm32f10x_flash.o(i.FLASH_GetStatus)
    i.FLASH_IRQHandler                       0x08000ab8   Section        0  stm32f10x_it.o(i.FLASH_IRQHandler)
    i.FLASH_Lock                             0x08000abc   Section        0  stm32f10x_flash.o(i.FLASH_Lock)
    i.FLASH_PrefetchBufferCmd                0x08000acc   Section        0  stm32f10x_flash.o(i.FLASH_PrefetchBufferCmd)
    i.FLASH_ProgramDone                      0x08000ae4   Section        0  download.o(i.FLASH_ProgramDone)
    i.FLASH_ProgramHalfWord                  0x08000ae8   Section        0  stm32f10x_flash.o(i.FLASH_ProgramHalfWord)
    i.FLASH_ProgramStart                     0x08000b20   Section        0  download.o(i.FLASH_ProgramStart)
    i.FLASH_SetLatency                       0x08000b5c   Section        0  stm32f10x_flash.o(i.FLASH_SetLatency)
    i.FLASH_Unlock                           0x08000b74   Section        0  stm32f10x_flash.o(i.FLASH_Unlock)
    i.FLASH_WaitForLastOperation             0x08000b8c   Section        0  stm32f10x_flash.o(i.FLASH_WaitForLastOperation)
    i.FLASH_WriteBank                        0x08000bba   Section        0  download.o(i.FLASH_WriteBank)
    i.FSMC_IRQHandler                        0x08000bea   Section        0  stm32f10x_it.o(i.FSMC_IRQHandler)
    i.GPIO_Configuration                     0x08000bec   Section        0  bsp.o(i.GPIO_Configuration)
    i.GPIO_Init                              0x08000c50   Section        0  stm32f10x_gpio.o(i.GPIO_Init)
    i.GPIO_ResetBits                         0x08000cea   Section        0  stm32f10x_gpio.o(i.GPIO_ResetBits)
    i.GPIO_SetBits                           0x08000cee   Section        0  stm32f10x_gpio.o(i.GPIO_SetBits)
    i.HardFaultException                     0x08000cf2   Section        0  stm32f10x_it.o(i.HardFaultException)
    i.I2C1_ER_IRQHandler                     0x08000cf4   Section        0  stm32f10x_it.o(i.I2C1_ER_IRQHandler)
    i.I2C1_EV_IRQHandler                     0x08000cf6   Section        0  stm32f10x_it.o(i.I2C1_EV_IRQHandler)
    i.I2C2_ER_IRQHandler                     0x08000cf8   Section        0  stm32f10x_it.o(i.I2C2_ER_IRQHandler)
    i.I2C2_EV_IRQHandler                     0x08000cfa   Section        0  stm32f10x_it.o(i.I2C2_EV_IRQHandler)
    i.InputSelect                            0x08000cfc   Section        0  common.o(i.InputSelect)
    InputSelect                              0x08000cfd   Thumb Code    62  common.o(i.InputSelect)
    i.MemManageException                     0x08000d74   Section        0  stm32f10x_it.o(i.MemManageException)
    i.NMIException                           0x08000d76   Section        0  stm32f10x_it.o(i.NMIException)
    i.NVIC_Configuration                     0x08000d78   Section        0  bsp.o(i.NVIC_Configuration)
    i.NVIC_Init                              0x08000d90   Section        0  stm32f10x_nvic.o(i.NVIC_Init)
    i.NVIC_PriorityGroupConfig               0x08000e0c   Section        0  stm32f10x_nvic.o(i.NVIC_PriorityGroupConfig)
    i.NVIC_SetVectorTable                    0x08000e20   Section        0  stm32f10x_nvic.o(i.NVIC_SetVectorTable)
    i.PVD_IRQHandler                         0x08000e34   Section        0  stm32f10x_it.o(i.PVD_IRQHandler)
    i.PendSVC                                0x08000e36   Section        0  stm32f10x_it.o(i.PendSVC)
    i.Print                                  0x08000e38   Section        0  common.o(i.Print)
    i.RCC_APB1PeriphClockCmd                 0x08000e50   Section        0  stm32f10x_rcc.o(i.RCC_APB1PeriphClockCmd)
    i.RCC_APB1PeriphResetCmd                 0x08000e68   Section        0  stm32f10x_rcc.o(i.RCC_APB1PeriphResetCmd)
    i.RCC_APB2PeriphClockCmd                 0x08000e80   Section        0  stm32f10x_rcc.o(i.RCC_APB2PeriphClockCmd)
    i.RCC_APB2PeriphResetCmd                 0x08000e98   Section        0  stm32f10x_rcc.o(i.RCC_APB2PeriphResetCmd)
    i.RCC_Configuration                      0x08000eb0   Section        0  bsp.o(i.RCC_Configuration)
    i.RCC_DeInit                             0x08000f18   Section        0  stm32f10x_rcc.o(i.RCC_DeInit)
    i.RCC_GetClocksFreq                      0x08000f54   Section        0  stm32f10x_rcc.o(i.RCC_GetClocksFreq)
    i.RCC_GetFlagStatus                      0x08000fe8   Section        0  stm32f10x_rcc.o(i.RCC_GetFlagStatus)
    i.RCC_GetSYSCLKSource                    0x08001018   Section        0  stm32f10x_rcc.o(i.RCC_GetSYSCLKSource)
    i.RCC_HCLKConfig                         0x08001028   Section        0  stm32f10x_rcc.o(i.RCC_HCLKConfig)
    i.RCC_HSEConfig                          0x0800103c   Section        0  stm32f10x_rcc.o(i.RCC_HSEConfig)
    i.RCC_IRQHandler                         0x08001070   Section        0  stm32f10x_it.o(i.RCC_IRQHandler)
    i.RCC_PCLK1Config                        0x08001074   Section        0  stm32f10x_rcc.o(i.RCC_PCLK1Config)
    i.RCC_PCLK2Config                        0x08001088   Section        0  stm32f10x_rcc.o(i.RCC_PCLK2Config)
    i.RCC_PLLCmd                             0x0800109c   Section        0  stm32f10x_rcc.o(i.RCC_PLLCmd)
    i.RCC_PLLConfig                          0x080010a8   Section        0  stm32f10x_rcc.o(i.RCC_PLLConfig)
    i.RCC_SYSCLKConfig                       0x080010bc   Section        0  stm32f10x_rcc.o(i.RCC_SYSCLKConfig)
    i.RCC_WaitForHSEStartUp                  0x080010d0   Section        0  stm32f10x_rcc.o(i.RCC_WaitForHSEStartUp)
    i.RTCAlarm_IRQHandler                    0x08001104   Section        0  stm32f10x_it.o(i.RTCAlarm_IRQHandler)
    i.RTC_IRQHandler                         0x08001106   Section        0  stm32f10x_it.o(i.RTC_IRQHandler)
    i.ReceOneChar                            0x08001108   Section        0  common.o(i.ReceOneChar)
    ReceOneChar                              0x08001109   Thumb Code    32  common.o(i.ReceOneChar)
    i.ReceiveData                            0x0800112c   Section        0  common.o(i.ReceiveData)
    ReceiveData                              0x0800112d   Thumb Code   122  common.o(i.ReceiveData)
    i.ReceivePacket                          0x080011bc   Section        0  ymodem.o(i.ReceivePacket)
    ReceivePacket                            0x080011bd   Thumb Code   200  ymodem.o(i.ReceivePacket)
    i.SDIO_IRQHandler                        0x08001284   Section        0  stm32f10x_it.o(i.SDIO_IRQHandler)
    i.SPI1_IRQHandler                        0x08001286   Section        0  stm32f10x_it.o(i.SPI1_IRQHandler)
    i.SPI2_IRQHandler                        0x08001288   Section        0  stm32f10x_it.o(i.SPI2_IRQHandler)
    i.SPI3_IRQHandler                        0x0800128a   Section        0  stm32f10x_it.o(i.SPI3_IRQHandler)
    i.SVCHandler                             0x0800128c   Section        0  stm32f10x_it.o(i.SVCHandler)
    i.SysTickHandler                         0x0800128e   Section        0  stm32f10x_it.o(i.SysTickHandler)
    i.TAMPER_IRQHandler                      0x08001290   Section        0  stm32f10x_it.o(i.TAMPER_IRQHandler)
    i.TIM1_BRK_IRQHandler                    0x08001292   Section        0  stm32f10x_it.o(i.TIM1_BRK_IRQHandler)
    i.TIM1_CC_IRQHandler                     0x08001294   Section        0  stm32f10x_it.o(i.TIM1_CC_IRQHandler)
    i.TIM1_TRG_COM_IRQHandler                0x08001296   Section        0  stm32f10x_it.o(i.TIM1_TRG_COM_IRQHandler)
    i.TIM1_UP_IRQHandler                     0x08001298   Section        0  stm32f10x_it.o(i.TIM1_UP_IRQHandler)
    i.TIM2_IRQHandler                        0x0800129c   Section        0  bsptime2.o(i.TIM2_IRQHandler)
    i.TIM3_IRQHandler                        0x080012d0   Section        0  bsptime3.o(i.TIM3_IRQHandler)
    i.TIM4_IRQHandler                        0x08001300   Section        0  stm32f10x_it.o(i.TIM4_IRQHandler)
    i.TIM5_IRQHandler                        0x08001302   Section        0  stm32f10x_it.o(i.TIM5_IRQHandler)
    i.TIM6_IRQHandler                        0x08001304   Section        0  stm32f10x_it.o(i.TIM6_IRQHandler)
    i.TIM7_IRQHandler                        0x08001306   Section        0  stm32f10x_it.o(i.TIM7_IRQHandler)
    i.TIM8_BRK_IRQHandler                    0x08001308   Section        0  stm32f10x_it.o(i.TIM8_BRK_IRQHandler)
    i.TIM8_CC_IRQHandler                     0x0800130a   Section        0  stm32f10x_it.o(i.TIM8_CC_IRQHandler)
    i.TIM8_TRG_COM_IRQHandler                0x0800130c   Section        0  stm32f10x_it.o(i.TIM8_TRG_COM_IRQHandler)
    i.TIM8_UP_IRQHandler                     0x0800130e   Section        0  stm32f10x_it.o(i.TIM8_UP_IRQHandler)
    i.TIM_ClearITPendingBit                  0x08001310   Section        0  stm32f10x_tim.o(i.TIM_ClearITPendingBit)
    i.TIM_Cmd                                0x08001316   Section        0  stm32f10x_tim.o(i.TIM_Cmd)
    i.TIM_DeInit                             0x0800132c   Section        0  stm32f10x_tim.o(i.TIM_DeInit)
    i.TIM_GetITStatus                        0x080013e0   Section        0  stm32f10x_tim.o(i.TIM_GetITStatus)
    i.TIM_ITConfig                           0x080013f8   Section        0  stm32f10x_tim.o(i.TIM_ITConfig)
    i.TIM_SetCounter                         0x08001408   Section        0  stm32f10x_tim.o(i.TIM_SetCounter)
    i.TIM_TimeBaseInit                       0x0800140c   Section        0  stm32f10x_tim.o(i.TIM_TimeBaseInit)
    i.TimEndHandle                           0x08001448   Section        0  common.o(i.TimEndHandle)
    TimEndHandle                             0x08001449   Thumb Code    18  common.o(i.TimEndHandle)
    i.UART4_IRQHandler                       0x08001460   Section        0  stm32f10x_it.o(i.UART4_IRQHandler)
    i.UART5_IRQHandler                       0x08001462   Section        0  stm32f10x_it.o(i.UART5_IRQHandler)
    i.USART1_IRQHandler                      0x08001464   Section        0  stm32f10x_it.o(i.USART1_IRQHandler)
    i.USART2_IRQHandler                      0x08001468   Section        0  bspusart1.o(i.USART2_IRQHandler)
    i.USART3_IRQHandler                      0x08001564   Section        0  stm32f10x_it.o(i.USART3_IRQHandler)
    i.USART_ClearITPendingBit                0x08001566   Section        0  stm32f10x_usart.o(i.USART_ClearITPendingBit)
    i.USART_Cmd                              0x08001572   Section        0  stm32f10x_usart.o(i.USART_Cmd)
    i.USART_GetFlagStatus                    0x08001586   Section        0  stm32f10x_usart.o(i.USART_GetFlagStatus)
    i.USART_GetITStatus                      0x08001594   Section        0  stm32f10x_usart.o(i.USART_GetITStatus)
    i.USART_ITConfig                         0x080015d2   Section        0  stm32f10x_usart.o(i.USART_ITConfig)
    i.USART_Init                             0x08001604   Section        0  stm32f10x_usart.o(i.USART_Init)
    i.USART_ReceiveData                      0x08001690   Section        0  stm32f10x_usart.o(i.USART_ReceiveData)
    i.USART_SendData                         0x08001698   Section        0  stm32f10x_usart.o(i.USART_SendData)
    i.USBWakeUp_IRQHandler                   0x080016a0   Section        0  stm32f10x_it.o(i.USBWakeUp_IRQHandler)
    i.USB_HP_CAN_TX_IRQHandler               0x080016a2   Section        0  stm32f10x_it.o(i.USB_HP_CAN_TX_IRQHandler)
    i.USB_LP_CAN_RX0_IRQHandler              0x080016a4   Section        0  stm32f10x_it.o(i.USB_LP_CAN_RX0_IRQHandler)
    i.UsageFaultException                    0x080016a6   Section        0  stm32f10x_it.o(i.UsageFaultException)
    i.WWDG_IRQHandler                        0x080016a8   Section        0  stm32f10x_it.o(i.WWDG_IRQHandler)
    i.YmodemReceive                          0x080016ac   Section        0  ymodem.o(i.YmodemReceive)
    i.YmodemSendChar                         0x08001820   Section        0  ymodem.o(i.YmodemSendChar)
    i.main                                   0x08001854   Section        0  main.o(i.main)
    .constdata                               0x080018e4   Section       20  stm32f10x_rcc.o(.constdata)
    ADCPrescTable                            0x080018e4   Data           4  stm32f10x_rcc.o(.constdata)
    APBAHBPrescTable                         0x080018e8   Data          16  stm32f10x_rcc.o(.constdata)
    .data                                    0x20000000   Section       32  common.o(.data)
    m_Mode                                   0x20000000   Data           1  common.o(.data)
    flg                                      0x20000001   Data           1  common.o(.data)
    FunReceEnter                             0x20000004   Data           4  common.o(.data)
    FunReceExit                              0x20000008   Data           4  common.o(.data)
    FunWrite                                 0x2000000c   Data           4  common.o(.data)
    FunCurrentProcess                        0x20000010   Data           4  common.o(.data)
    m_ProgramAddr                            0x20000014   Data           4  common.o(.data)
    JumpToApplication                        0x20000018   Data           4  common.o(.data)
    m_JumpAddress                            0x2000001c   Data           4  common.o(.data)
    .data                                    0x20000020   Section       12  ymodem.o(.data)
    stat                                     0x20000020   Data           1  ymodem.o(.data)
    affirmCount                              0x20000021   Data           1  ymodem.o(.data)
    iNumber                                  0x20000024   Data           4  ymodem.o(.data)
    sErrorCount                              0x20000028   Data           4  ymodem.o(.data)
    .data                                    0x2000002c   Section        6  bsp.o(.data)
    .data                                    0x20000034   Section        4  bsptime3.o(.data)
    IRQHandler                               0x20000034   Data           4  bsptime3.o(.data)
    .data                                    0x20000038   Section       12  bspusart1.o(.data)
    eTXIdle                                  0x20000038   Data           1  bspusart1.o(.data)
    sb                                       0x20000040   Data           4  bspusart1.o(.data)
    .data                                    0x20000044   Section        8  stm32f10x_rcc.o(.data)
    HSEStatus                                0x20000044   Data           1  stm32f10x_rcc.o(.data)
    StartUpCounter                           0x20000048   Data           4  stm32f10x_rcc.o(.data)
    .bss                                     0x2000004c   Section     1056  common.o(.bss)
    m_ReceData                               0x2000004c   Data        1056  common.o(.bss)
    .bss                                     0x2000046c   Section       16  bsptime2.o(.bss)
    .bss                                     0x2000047c   Section     1056  bspusart1.o(.bss)
    m_SendBuff                               0x2000047c   Data        1056  bspusart1.o(.bss)
    .bss                                     0x2000089c   Section       96  libspace.o(.bss)
    HEAP                                     0x20000900   Section     1024  stm32f10x_vector.o(HEAP)
    Heap_Mem                                 0x20000900   Data        1024  stm32f10x_vector.o(HEAP)
    STACK                                    0x20000d00   Section     1024  stm32f10x_vector.o(STACK)
    Stack_Mem                                0x20000d00   Data        1024  stm32f10x_vector.o(STACK)
    __initial_sp                             0x20001100   Data           0  stm32f10x_vector.o(STACK)

    Global Symbols

    Symbol Name                              Value     Ov Type        Size  Object(Section)

    BuildAttributes$$THM_ISAv4$P$D$K$B$S$PE$A:L22UL41UL21$X:L11$S22US41US21$IEEE1$IW$USESV6$~STKCKD$USESV7$~SHL$OSPACE$ROPI$EBA8$UX$STANDARDLIB$REQ8$PRES8$EABIv2 0x00000000   Number         0  anon$$obj.o ABSOLUTE
    __ARM_use_no_argv                        0x00000000   Number         0  main.o ABSOLUTE
    __ARM_exceptions_init                     - Undefined Weak Reference
    __alloca_initialize                       - Undefined Weak Reference
    __arm_preinit_                            - Undefined Weak Reference
    __cpp_initialize__aeabi_                  - Undefined Weak Reference
    __cxa_finalize                            - Undefined Weak Reference
    __rt_locale                               - Undefined Weak Reference
    __sigvec_lookup                           - Undefined Weak Reference
    _atexit_init                              - Undefined Weak Reference
    _call_atexit_fns                          - Undefined Weak Reference
    _clock_init                               - Undefined Weak Reference
    _fp_trap_init                             - Undefined Weak Reference
    _fp_trap_shutdown                         - Undefined Weak Reference
    _get_lc_collate                           - Undefined Weak Reference
    _get_lc_ctype                             - Undefined Weak Reference
    _get_lc_monetary                          - Undefined Weak Reference
    _get_lc_numeric                           - Undefined Weak Reference
    _get_lc_time                              - Undefined Weak Reference
    _getenv_init                              - Undefined Weak Reference
    _handle_redirection                       - Undefined Weak Reference
    _init_alloc                               - Undefined Weak Reference
    _init_user_alloc                          - Undefined Weak Reference
    _initio                                   - Undefined Weak Reference
    _rand_init                                - Undefined Weak Reference
    _signal_finish                            - Undefined Weak Reference
    _signal_init                              - Undefined Weak Reference
    _terminate_alloc                          - Undefined Weak Reference
    _terminate_user_alloc                     - Undefined Weak Reference
    _terminateio                              - Undefined Weak Reference
    __Vectors                                0x08000000   Data           4  stm32f10x_vector.o(RESET)
    __main                                   0x08000131   Thumb Code     8  __main.o(!!!main)
    __scatterload                            0x08000139   Thumb Code     0  __scatter.o(!!!scatter)
    __scatterload_rt2                        0x08000139   Thumb Code    44  __scatter.o(!!!scatter)
    __scatterload_rt2_thumb_only             0x08000139   Thumb Code     0  __scatter.o(!!!scatter)
    __scatterload_null                       0x08000147   Thumb Code     0  __scatter.o(!!!scatter)
    __scatterload_copy                       0x0800016d   Thumb Code    26  __scatter_copy.o(!!handler_copy)
    __scatterload_zeroinit                   0x08000189   Thumb Code    28  __scatter_zi.o(!!handler_zi)
    __rt_lib_init                            0x080001a5   Thumb Code     0  libinit.o(.ARM.Collect$$libinit$$00000000)
    __rt_lib_init_alloca_1                   0x080001a7   Thumb Code     0  libinit2.o(.ARM.Collect$$libinit$$0000002E)
    __rt_lib_init_argv_1                     0x080001a7   Thumb Code     0  libinit2.o(.ARM.Collect$$libinit$$0000002C)
    __rt_lib_init_atexit_1                   0x080001a7   Thumb Code     0  libinit2.o(.ARM.Collect$$libinit$$0000001B)
    __rt_lib_init_clock_1                    0x080001a7   Thumb Code     0  libinit2.o(.ARM.Collect$$libinit$$00000021)
    __rt_lib_init_cpp_1                      0x080001a7   Thumb Code     0  libinit2.o(.ARM.Collect$$libinit$$00000032)
    __rt_lib_init_exceptions_1               0x080001a7   Thumb Code     0  libinit2.o(.ARM.Collect$$libinit$$00000030)
    __rt_lib_init_fp_1                       0x080001a7   Thumb Code     0  libinit2.o(.ARM.Collect$$libinit$$00000002)
    __rt_lib_init_fp_trap_1                  0x080001a7   Thumb Code     0  libinit2.o(.ARM.Collect$$libinit$$0000001F)
    __rt_lib_init_getenv_1                   0x080001a7   Thumb Code     0  libinit2.o(.ARM.Collect$$libinit$$00000023)
    __rt_lib_init_heap_1                     0x080001a7   Thumb Code     0  libinit2.o(.ARM.Collect$$libinit$$0000000A)
    __rt_lib_init_lc_collate_1               0x080001a7   Thumb Code     0  libinit2.o(.ARM.Collect$$libinit$$00000011)
    __rt_lib_init_lc_ctype_1                 0x080001a7   Thumb Code     0  libinit2.o(.ARM.Collect$$libinit$$00000013)
    __rt_lib_init_lc_monetary_1              0x080001a7   Thumb Code     0  libinit2.o(.ARM.Collect$$libinit$$00000015)
    __rt_lib_init_lc_numeric_1               0x080001a7   Thumb Code     0  libinit2.o(.ARM.Collect$$libinit$$00000017)
    __rt_lib_init_lc_time_1                  0x080001a7   Thumb Code     0  libinit2.o(.ARM.Collect$$libinit$$00000019)
    __rt_lib_init_preinit_1                  0x080001a7   Thumb Code     0  libinit2.o(.ARM.Collect$$libinit$$00000004)
    __rt_lib_init_rand_1                     0x080001a7   Thumb Code     0  libinit2.o(.ARM.Collect$$libinit$$0000000E)
    __rt_lib_init_return                     0x080001a7   Thumb Code     0  libinit2.o(.ARM.Collect$$libinit$$00000033)
    __rt_lib_init_signal_1                   0x080001a7   Thumb Code     0  libinit2.o(.ARM.Collect$$libinit$$0000001D)
    __rt_lib_init_stdio_1                    0x080001a7   Thumb Code     0  libinit2.o(.ARM.Collect$$libinit$$00000025)
    __rt_lib_init_user_alloc_1               0x080001a7   Thumb Code     0  libinit2.o(.ARM.Collect$$libinit$$0000000C)
    __rt_lib_shutdown                        0x080001a9   Thumb Code     0  libshutdown.o(.ARM.Collect$$libshutdown$$00000000)
    __rt_lib_shutdown_cpp_1                  0x080001ab   Thumb Code     0  libshutdown2.o(.ARM.Collect$$libshutdown$$00000002)
    __rt_lib_shutdown_fp_trap_1              0x080001ab   Thumb Code     0  libshutdown2.o(.ARM.Collect$$libshutdown$$00000007)
    __rt_lib_shutdown_heap_1                 0x080001ab   Thumb Code     0  libshutdown2.o(.ARM.Collect$$libshutdown$$0000000F)
    __rt_lib_shutdown_return                 0x080001ab   Thumb Code     0  libshutdown2.o(.ARM.Collect$$libshutdown$$00000010)
    __rt_lib_shutdown_signal_1               0x080001ab   Thumb Code     0  libshutdown2.o(.ARM.Collect$$libshutdown$$0000000A)
    __rt_lib_shutdown_stdio_1                0x080001ab   Thumb Code     0  libshutdown2.o(.ARM.Collect$$libshutdown$$00000004)
    __rt_lib_shutdown_user_alloc_1           0x080001ab   Thumb Code     0  libshutdown2.o(.ARM.Collect$$libshutdown$$0000000C)
    __rt_entry                               0x080001ad   Thumb Code     0  __rtentry.o(.ARM.Collect$$rtentry$$00000000)
    __rt_entry_presh_1                       0x080001ad   Thumb Code     0  __rtentry2.o(.ARM.Collect$$rtentry$$00000002)
    __rt_entry_sh                            0x080001ad   Thumb Code     0  __rtentry4.o(.ARM.Collect$$rtentry$$00000004)
    __rt_entry_li                            0x080001b3   Thumb Code     0  __rtentry2.o(.ARM.Collect$$rtentry$$0000000A)
    __rt_entry_postsh_1                      0x080001b3   Thumb Code     0  __rtentry2.o(.ARM.Collect$$rtentry$$00000009)
    __rt_entry_main                          0x080001b7   Thumb Code     0  __rtentry2.o(.ARM.Collect$$rtentry$$0000000D)
    __rt_entry_postli_1                      0x080001b7   Thumb Code     0  __rtentry2.o(.ARM.Collect$$rtentry$$0000000C)
    __rt_exit                                0x080001bf   Thumb Code     0  rtexit.o(.ARM.Collect$$rtexit$$00000000)
    __rt_exit_ls                             0x080001c1   Thumb Code     0  rtexit2.o(.ARM.Collect$$rtexit$$00000003)
    __rt_exit_prels_1                        0x080001c1   Thumb Code     0  rtexit2.o(.ARM.Collect$$rtexit$$00000002)
    __rt_exit_exit                           0x080001c5   Thumb Code     0  rtexit2.o(.ARM.Collect$$rtexit$$00000004)
    Reset_Handler                            0x080001cd   Thumb Code     4  stm32f10x_vector.o(.text)
    __user_initial_stackheap                 0x080001d1   Thumb Code     0  stm32f10x_vector.o(.text)
    __WFI                                    0x080001f1   Thumb Code     0  cortexm3_macro.o(.text)
    __WFE                                    0x080001f5   Thumb Code     0  cortexm3_macro.o(.text)
    __SEV                                    0x080001f9   Thumb Code     0  cortexm3_macro.o(.text)
    __ISB                                    0x080001fd   Thumb Code     0  cortexm3_macro.o(.text)
    __DSB                                    0x08000203   Thumb Code     0  cortexm3_macro.o(.text)
    __DMB                                    0x08000209   Thumb Code     0  cortexm3_macro.o(.text)
    __SVC                                    0x0800020f   Thumb Code     0  cortexm3_macro.o(.text)
    __MRS_CONTROL                            0x08000213   Thumb Code     0  cortexm3_macro.o(.text)
    __MSR_CONTROL                            0x08000219   Thumb Code     0  cortexm3_macro.o(.text)
    __MRS_PSP                                0x08000223   Thumb Code     0  cortexm3_macro.o(.text)
    __MSR_PSP                                0x08000229   Thumb Code     0  cortexm3_macro.o(.text)
    __MRS_MSP                                0x0800022f   Thumb Code     0  cortexm3_macro.o(.text)
    __MSR_MSP                                0x08000235   Thumb Code     0  cortexm3_macro.o(.text)
    __RESETPRIMASK                           0x0800023b   Thumb Code     0  cortexm3_macro.o(.text)
    __SETPRIMASK                             0x0800023f   Thumb Code     0  cortexm3_macro.o(.text)
    __READ_PRIMASK                           0x08000243   Thumb Code     0  cortexm3_macro.o(.text)
    __SETFAULTMASK                           0x08000249   Thumb Code     0  cortexm3_macro.o(.text)
    __RESETFAULTMASK                         0x0800024d   Thumb Code     0  cortexm3_macro.o(.text)
    __READ_FAULTMASK                         0x08000251   Thumb Code     0  cortexm3_macro.o(.text)
    __BASEPRICONFIG                          0x08000257   Thumb Code     0  cortexm3_macro.o(.text)
    __GetBASEPRI                             0x0800025d   Thumb Code     0  cortexm3_macro.o(.text)
    __REV_HalfWord                           0x08000263   Thumb Code     0  cortexm3_macro.o(.text)
    __REV_Word                               0x08000267   Thumb Code     0  cortexm3_macro.o(.text)
    strcpy                                   0x0800026b   Thumb Code    72  strcpy.o(.text)
    strlen                                   0x080002b3   Thumb Code    62  strlen.o(.text)
    strcat                                   0x080002f1   Thumb Code    24  strcat.o(.text)
    __aeabi_memcpy                           0x08000309   Thumb Code     0  rt_memcpy_v6.o(.text)
    __rt_memcpy                              0x08000309   Thumb Code   138  rt_memcpy_v6.o(.text)
    _memcpy_lastbytes                        0x0800036f   Thumb Code     0  rt_memcpy_v6.o(.text)
    __aeabi_memclr4                          0x08000393   Thumb Code     0  rt_memclr_w.o(.text)
    __aeabi_memclr8                          0x08000393   Thumb Code     0  rt_memclr_w.o(.text)
    __rt_memclr_w                            0x08000393   Thumb Code    78  rt_memclr_w.o(.text)
    _memset_w                                0x08000397   Thumb Code     0  rt_memclr_w.o(.text)
    __use_two_region_memory                  0x080003e1   Thumb Code     2  heapauxi.o(.text)
    __rt_heap_escrow$2region                 0x080003e3   Thumb Code     2  heapauxi.o(.text)
    __rt_heap_expand$2region                 0x080003e5   Thumb Code     2  heapauxi.o(.text)
    __aeabi_memcpy4                          0x080003e7   Thumb Code     0  rt_memcpy_w.o(.text)
    __aeabi_memcpy8                          0x080003e7   Thumb Code     0  rt_memcpy_w.o(.text)
    __rt_memcpy_w                            0x080003e7   Thumb Code   100  rt_memcpy_w.o(.text)
    _memcpy_lastbytes_aligned                0x0800042f   Thumb Code     0  rt_memcpy_w.o(.text)
    __user_setup_stackheap                   0x0800044b   Thumb Code    74  sys_stackheap_outer.o(.text)
    exit                                     0x08000495   Thumb Code    18  exit.o(.text)
    __user_libspace                          0x080004a9   Thumb Code     8  libspace.o(.text)
    __user_perproc_libspace                  0x080004a9   Thumb Code     0  libspace.o(.text)
    __user_perthread_libspace                0x080004a9   Thumb Code     0  libspace.o(.text)
    _sys_exit                                0x080004b1   Thumb Code     8  sys_exit.o(.text)
    __I$use$semihosting                      0x080004bd   Thumb Code     0  use_no_semi.o(.text)
    __use_no_semihosting_swi                 0x080004bd   Thumb Code     2  use_no_semi.o(.text)
    ADC1_2_IRQHandler                        0x080004bf   Thumb Code     2  stm32f10x_it.o(i.ADC1_2_IRQHandler)
    __semihosting_library_function           0x080004bf   Thumb Code     0  indicate_semi.o(.text)
    ADC3_IRQHandler                          0x080004c1   Thumb Code     2  stm32f10x_it.o(i.ADC3_IRQHandler)
    BspClose                                 0x08000545   Thumb Code    18  bsp.o(i.BspClose)
    BspInit                                  0x08000557   Thumb Code    30  bsp.o(i.BspInit)
    BspTim2Close                             0x08000575   Thumb Code    26  bsptime2.o(i.BspTim2Close)
    BspTim2Init                              0x0800058f   Thumb Code   108  bsptime2.o(i.BspTim2Init)
    BspTim3Close                             0x080005fd   Thumb Code    34  bsptime3.o(i.BspTim3Close)
    BspTim3Init                              0x08000625   Thumb Code   112  bsptime3.o(i.BspTim3Init)
    BspTim3Open                              0x08000699   Thumb Code    34  bsptime3.o(i.BspTim3Open)
    BspTim3SetIRQCallBack                    0x080006c1   Thumb Code     6  bsptime3.o(i.BspTim3SetIRQCallBack)
    BspUsart1Close                           0x080006cd   Thumb Code    92  bspusart1.o(i.BspUsart1Close)
    BspUsart1IRQCallBack                     0x08000731   Thumb Code     6  bspusart1.o(i.BspUsart1IRQCallBack)
    BspUsart1Init                            0x0800073d   Thumb Code   214  bspusart1.o(i.BspUsart1Init)
    BspUsart1Send                            0x08000821   Thumb Code   136  bspusart1.o(i.BspUsart1Send)
    BusFaultException                        0x080008b5   Thumb Code     2  stm32f10x_it.o(i.BusFaultException)
    BusFault_Handler                         0x080008b5   Thumb Code     0  stm32f10x_it.o(i.BusFaultException)
    CAN_RX1_IRQHandler                       0x080008b7   Thumb Code     2  stm32f10x_it.o(i.CAN_RX1_IRQHandler)
    CAN_SCE_IRQHandler                       0x080008b9   Thumb Code     2  stm32f10x_it.o(i.CAN_SCE_IRQHandler)
    CommonExec                               0x080008bd   Thumb Code    50  common.o(i.CommonExec)
    CommonInit                               0x08000909   Thumb Code    18  common.o(i.CommonInit)
    DMA1_Channel1_IRQHandler                 0x08000925   Thumb Code     2  stm32f10x_it.o(i.DMA1_Channel1_IRQHandler)
    DMA1_Channel2_IRQHandler                 0x08000927   Thumb Code     2  stm32f10x_it.o(i.DMA1_Channel2_IRQHandler)
    DMA1_Channel3_IRQHandler                 0x08000929   Thumb Code     2  stm32f10x_it.o(i.DMA1_Channel3_IRQHandler)
    DMA1_Channel4_IRQHandler                 0x0800092b   Thumb Code     2  stm32f10x_it.o(i.DMA1_Channel4_IRQHandler)
    DMA1_Channel5_IRQHandler                 0x0800092d   Thumb Code     2  stm32f10x_it.o(i.DMA1_Channel5_IRQHandler)
    DMA1_Channel6_IRQHandler                 0x0800092f   Thumb Code     2  stm32f10x_it.o(i.DMA1_Channel6_IRQHandler)
    DMA1_Channel7_IRQHandler                 0x08000931   Thumb Code     2  stm32f10x_it.o(i.DMA1_Channel7_IRQHandler)
    DMA2_Channel1_IRQHandler                 0x08000933   Thumb Code     2  stm32f10x_it.o(i.DMA2_Channel1_IRQHandler)
    DMA2_Channel2_IRQHandler                 0x08000935   Thumb Code     2  stm32f10x_it.o(i.DMA2_Channel2_IRQHandler)
    DMA2_Channel3_IRQHandler                 0x08000937   Thumb Code     2  stm32f10x_it.o(i.DMA2_Channel3_IRQHandler)
    DMA2_Channel4_5_IRQHandler               0x08000939   Thumb Code     2  stm32f10x_it.o(i.DMA2_Channel4_5_IRQHandler)
    DebugMon_Handler                         0x0800093b   Thumb Code     0  stm32f10x_it.o(i.DebugMonitor)
    DebugMonitor                             0x0800093b   Thumb Code     2  stm32f10x_it.o(i.DebugMonitor)
    Delay                                    0x0800093d   Thumb Code    16  bsp.o(i.Delay)
    EXTI0_IRQHandler                         0x08000a41   Thumb Code     2  stm32f10x_it.o(i.EXTI0_IRQHandler)
    EXTI15_10_IRQHandler                     0x08000a43   Thumb Code     2  stm32f10x_it.o(i.EXTI15_10_IRQHandler)
    EXTI1_IRQHandler                         0x08000a45   Thumb Code     2  stm32f10x_it.o(i.EXTI1_IRQHandler)
    EXTI2_IRQHandler                         0x08000a47   Thumb Code     2  stm32f10x_it.o(i.EXTI2_IRQHandler)
    EXTI3_IRQHandler                         0x08000a49   Thumb Code     2  stm32f10x_it.o(i.EXTI3_IRQHandler)
    EXTI4_IRQHandler                         0x08000a4b   Thumb Code     2  stm32f10x_it.o(i.EXTI4_IRQHandler)
    EXTI9_5_IRQHandler                       0x08000a4d   Thumb Code     2  stm32f10x_it.o(i.EXTI9_5_IRQHandler)
    FLASH_ErasePage                          0x08000a51   Thumb Code    60  stm32f10x_flash.o(i.FLASH_ErasePage)
    FLASH_GetStatus                          0x08000a91   Thumb Code    34  stm32f10x_flash.o(i.FLASH_GetStatus)
    FLASH_IRQHandler                         0x08000ab9   Thumb Code     2  stm32f10x_it.o(i.FLASH_IRQHandler)
    FLASH_Lock                               0x08000abd   Thumb Code    12  stm32f10x_flash.o(i.FLASH_Lock)
    FLASH_PrefetchBufferCmd                  0x08000acd   Thumb Code    18  stm32f10x_flash.o(i.FLASH_PrefetchBufferCmd)
    FLASH_ProgramDone                        0x08000ae5   Thumb Code     4  download.o(i.FLASH_ProgramDone)
    FLASH_ProgramHalfWord                    0x08000ae9   Thumb Code    50  stm32f10x_flash.o(i.FLASH_ProgramHalfWord)
    FLASH_ProgramStart                       0x08000b21   Thumb Code    50  download.o(i.FLASH_ProgramStart)
    FLASH_SetLatency                         0x08000b5d   Thumb Code    18  stm32f10x_flash.o(i.FLASH_SetLatency)
    FLASH_Unlock                             0x08000b75   Thumb Code    12  stm32f10x_flash.o(i.FLASH_Unlock)
    FLASH_WaitForLastOperation               0x08000b8d   Thumb Code    46  stm32f10x_flash.o(i.FLASH_WaitForLastOperation)
    FLASH_WriteBank                          0x08000bbb   Thumb Code    48  download.o(i.FLASH_WriteBank)
    FSMC_IRQHandler                          0x08000beb   Thumb Code     2  stm32f10x_it.o(i.FSMC_IRQHandler)
    GPIO_Configuration                       0x08000bed   Thumb Code    74  bsp.o(i.GPIO_Configuration)
    GPIO_Init                                0x08000c51   Thumb Code   154  stm32f10x_gpio.o(i.GPIO_Init)
    GPIO_ResetBits                           0x08000ceb   Thumb Code     4  stm32f10x_gpio.o(i.GPIO_ResetBits)
    GPIO_SetBits                             0x08000cef   Thumb Code     4  stm32f10x_gpio.o(i.GPIO_SetBits)
    HardFaultException                       0x08000cf3   Thumb Code     2  stm32f10x_it.o(i.HardFaultException)
    HardFault_Handler                        0x08000cf3   Thumb Code     0  stm32f10x_it.o(i.HardFaultException)
    I2C1_ER_IRQHandler                       0x08000cf5   Thumb Code     2  stm32f10x_it.o(i.I2C1_ER_IRQHandler)
    I2C1_EV_IRQHandler                       0x08000cf7   Thumb Code     2  stm32f10x_it.o(i.I2C1_EV_IRQHandler)
    I2C2_ER_IRQHandler                       0x08000cf9   Thumb Code     2  stm32f10x_it.o(i.I2C2_ER_IRQHandler)
    I2C2_EV_IRQHandler                       0x08000cfb   Thumb Code     2  stm32f10x_it.o(i.I2C2_EV_IRQHandler)
    MemManageException                       0x08000d75   Thumb Code     2  stm32f10x_it.o(i.MemManageException)
    MemManage_Handler                        0x08000d75   Thumb Code     0  stm32f10x_it.o(i.MemManageException)
    NMIException                             0x08000d77   Thumb Code     2  stm32f10x_it.o(i.NMIException)
    NMI_Handler                              0x08000d77   Thumb Code     0  stm32f10x_it.o(i.NMIException)
    NVIC_Configuration                       0x08000d79   Thumb Code    24  bsp.o(i.NVIC_Configuration)
    NVIC_Init                                0x08000d91   Thumb Code   118  stm32f10x_nvic.o(i.NVIC_Init)
    NVIC_PriorityGroupConfig                 0x08000e0d   Thumb Code    10  stm32f10x_nvic.o(i.NVIC_PriorityGroupConfig)
    NVIC_SetVectorTable                      0x08000e21   Thumb Code    12  stm32f10x_nvic.o(i.NVIC_SetVectorTable)
    PVD_IRQHandler                           0x08000e35   Thumb Code     2  stm32f10x_it.o(i.PVD_IRQHandler)
    PendSVC                                  0x08000e37   Thumb Code     2  stm32f10x_it.o(i.PendSVC)
    PendSV_Handler                           0x08000e37   Thumb Code     0  stm32f10x_it.o(i.PendSVC)
    Print                                    0x08000e39   Thumb Code    24  common.o(i.Print)
    RCC_APB1PeriphClockCmd                   0x08000e51   Thumb Code    18  stm32f10x_rcc.o(i.RCC_APB1PeriphClockCmd)
    RCC_APB1PeriphResetCmd                   0x08000e69   Thumb Code    18  stm32f10x_rcc.o(i.RCC_APB1PeriphResetCmd)
    RCC_APB2PeriphClockCmd                   0x08000e81   Thumb Code    18  stm32f10x_rcc.o(i.RCC_APB2PeriphClockCmd)
    RCC_APB2PeriphResetCmd                   0x08000e99   Thumb Code    18  stm32f10x_rcc.o(i.RCC_APB2PeriphResetCmd)
    RCC_Configuration                        0x08000eb1   Thumb Code   100  bsp.o(i.RCC_Configuration)
    RCC_DeInit                               0x08000f19   Thumb Code    48  stm32f10x_rcc.o(i.RCC_DeInit)
    RCC_GetClocksFreq                        0x08000f55   Thumb Code   130  stm32f10x_rcc.o(i.RCC_GetClocksFreq)
    RCC_GetFlagStatus                        0x08000fe9   Thumb Code    42  stm32f10x_rcc.o(i.RCC_GetFlagStatus)
    RCC_GetSYSCLKSource                      0x08001019   Thumb Code    10  stm32f10x_rcc.o(i.RCC_GetSYSCLKSource)
    RCC_HCLKConfig                           0x08001029   Thumb Code    14  stm32f10x_rcc.o(i.RCC_HCLKConfig)
    RCC_HSEConfig                            0x0800103d   Thumb Code    48  stm32f10x_rcc.o(i.RCC_HSEConfig)
    RCC_IRQHandler                           0x08001071   Thumb Code     2  stm32f10x_it.o(i.RCC_IRQHandler)
    RCC_PCLK1Config                          0x08001075   Thumb Code    14  stm32f10x_rcc.o(i.RCC_PCLK1Config)
    RCC_PCLK2Config                          0x08001089   Thumb Code    16  stm32f10x_rcc.o(i.RCC_PCLK2Config)
    RCC_PLLCmd                               0x0800109d   Thumb Code     6  stm32f10x_rcc.o(i.RCC_PLLCmd)
    RCC_PLLConfig                            0x080010a9   Thumb Code    16  stm32f10x_rcc.o(i.RCC_PLLConfig)
    RCC_SYSCLKConfig                         0x080010bd   Thumb Code    14  stm32f10x_rcc.o(i.RCC_SYSCLKConfig)
    RCC_WaitForHSEStartUp                    0x080010d1   Thumb Code    46  stm32f10x_rcc.o(i.RCC_WaitForHSEStartUp)
    RTCAlarm_IRQHandler                      0x08001105   Thumb Code     2  stm32f10x_it.o(i.RTCAlarm_IRQHandler)
    RTC_IRQHandler                           0x08001107   Thumb Code     2  stm32f10x_it.o(i.RTC_IRQHandler)
    SDIO_IRQHandler                          0x08001285   Thumb Code     2  stm32f10x_it.o(i.SDIO_IRQHandler)
    SPI1_IRQHandler                          0x08001287   Thumb Code     2  stm32f10x_it.o(i.SPI1_IRQHandler)
    SPI2_IRQHandler                          0x08001289   Thumb Code     2  stm32f10x_it.o(i.SPI2_IRQHandler)
    SPI3_IRQHandler                          0x0800128b   Thumb Code     2  stm32f10x_it.o(i.SPI3_IRQHandler)
    SVCHandler                               0x0800128d   Thumb Code     2  stm32f10x_it.o(i.SVCHandler)
    SVC_Handler                              0x0800128d   Thumb Code     0  stm32f10x_it.o(i.SVCHandler)
    SysTickHandler                           0x0800128f   Thumb Code     2  stm32f10x_it.o(i.SysTickHandler)
    TAMPER_IRQHandler                        0x08001291   Thumb Code     2  stm32f10x_it.o(i.TAMPER_IRQHandler)
    TIM1_BRK_IRQHandler                      0x08001293   Thumb Code     2  stm32f10x_it.o(i.TIM1_BRK_IRQHandler)
    TIM1_CC_IRQHandler                       0x08001295   Thumb Code     2  stm32f10x_it.o(i.TIM1_CC_IRQHandler)
    TIM1_TRG_COM_IRQHandler                  0x08001297   Thumb Code     2  stm32f10x_it.o(i.TIM1_TRG_COM_IRQHandler)
    TIM1_UP_IRQHandler                       0x08001299   Thumb Code     2  stm32f10x_it.o(i.TIM1_UP_IRQHandler)
    TIM2_IRQHandler                          0x0800129d   Thumb Code    48  bsptime2.o(i.TIM2_IRQHandler)
    TIM3_IRQHandler                          0x080012d1   Thumb Code    40  bsptime3.o(i.TIM3_IRQHandler)
    TIM4_IRQHandler                          0x08001301   Thumb Code     2  stm32f10x_it.o(i.TIM4_IRQHandler)
    TIM5_IRQHandler                          0x08001303   Thumb Code     2  stm32f10x_it.o(i.TIM5_IRQHandler)
    TIM6_IRQHandler                          0x08001305   Thumb Code     2  stm32f10x_it.o(i.TIM6_IRQHandler)
    TIM7_IRQHandler                          0x08001307   Thumb Code     2  stm32f10x_it.o(i.TIM7_IRQHandler)
    TIM8_BRK_IRQHandler                      0x08001309   Thumb Code     2  stm32f10x_it.o(i.TIM8_BRK_IRQHandler)
    TIM8_CC_IRQHandler                       0x0800130b   Thumb Code     2  stm32f10x_it.o(i.TIM8_CC_IRQHandler)
    TIM8_TRG_COM_IRQHandler                  0x0800130d   Thumb Code     2  stm32f10x_it.o(i.TIM8_TRG_COM_IRQHandler)
    TIM8_UP_IRQHandler                       0x0800130f   Thumb Code     2  stm32f10x_it.o(i.TIM8_UP_IRQHandler)
    TIM_ClearITPendingBit                    0x08001311   Thumb Code     6  stm32f10x_tim.o(i.TIM_ClearITPendingBit)
    TIM_Cmd                                  0x08001317   Thumb Code    22  stm32f10x_tim.o(i.TIM_Cmd)
    TIM_DeInit                               0x0800132d   Thumb Code   170  stm32f10x_tim.o(i.TIM_DeInit)
    TIM_GetITStatus                          0x080013e1   Thumb Code    24  stm32f10x_tim.o(i.TIM_GetITStatus)
    TIM_ITConfig                             0x080013f9   Thumb Code    16  stm32f10x_tim.o(i.TIM_ITConfig)
    TIM_SetCounter                           0x08001409   Thumb Code     4  stm32f10x_tim.o(i.TIM_SetCounter)
    TIM_TimeBaseInit                         0x0800140d   Thumb Code    50  stm32f10x_tim.o(i.TIM_TimeBaseInit)
    UART4_IRQHandler                         0x08001461   Thumb Code     2  stm32f10x_it.o(i.UART4_IRQHandler)
    UART5_IRQHandler                         0x08001463   Thumb Code     2  stm32f10x_it.o(i.UART5_IRQHandler)
    USART1_IRQHandler                        0x08001465   Thumb Code     2  stm32f10x_it.o(i.USART1_IRQHandler)
    USART2_IRQHandler                        0x08001469   Thumb Code   238  bspusart1.o(i.USART2_IRQHandler)
    USART3_IRQHandler                        0x08001565   Thumb Code     2  stm32f10x_it.o(i.USART3_IRQHandler)
    USART_ClearITPendingBit                  0x08001567   Thumb Code    12  stm32f10x_usart.o(i.USART_ClearITPendingBit)
    USART_Cmd                                0x08001573   Thumb Code    20  stm32f10x_usart.o(i.USART_Cmd)
    USART_GetFlagStatus                      0x08001587   Thumb Code    14  stm32f10x_usart.o(i.USART_GetFlagStatus)
    USART_GetITStatus                        0x08001595   Thumb Code    62  stm32f10x_usart.o(i.USART_GetITStatus)
    USART_ITConfig                           0x080015d3   Thumb Code    48  stm32f10x_usart.o(i.USART_ITConfig)
    USART_Init                               0x08001605   Thumb Code   134  stm32f10x_usart.o(i.USART_Init)
    USART_ReceiveData                        0x08001691   Thumb Code     8  stm32f10x_usart.o(i.USART_ReceiveData)
    USART_SendData                           0x08001699   Thumb Code     8  stm32f10x_usart.o(i.USART_SendData)
    USBWakeUp_IRQHandler                     0x080016a1   Thumb Code     2  stm32f10x_it.o(i.USBWakeUp_IRQHandler)
    USB_HP_CAN_TX_IRQHandler                 0x080016a3   Thumb Code     2  stm32f10x_it.o(i.USB_HP_CAN_TX_IRQHandler)
    USB_LP_CAN_RX0_IRQHandler                0x080016a5   Thumb Code     2  stm32f10x_it.o(i.USB_LP_CAN_RX0_IRQHandler)
    UsageFaultException                      0x080016a7   Thumb Code     2  stm32f10x_it.o(i.UsageFaultException)
    UsageFault_Handler                       0x080016a7   Thumb Code     0  stm32f10x_it.o(i.UsageFaultException)
    WWDG_IRQHandler                          0x080016a9   Thumb Code     2  stm32f10x_it.o(i.WWDG_IRQHandler)
    YmodemReceive                            0x080016ad   Thumb Code   362  ymodem.o(i.YmodemReceive)
    YmodemSendChar                           0x08001821   Thumb Code    52  ymodem.o(i.YmodemSendChar)
    main                                     0x08001855   Thumb Code    54  main.o(i.main)
    Region$$Table$$Base                      0x080018f8   Number         0  anon$$obj.o(Region$$Table)
    Region$$Table$$Limit                     0x08001918   Number         0  anon$$obj.o(Region$$Table)
    HSEStartUpStatus                         0x2000002c   Data           1  bsp.o(.data)
    GPIO_InitStructure                       0x2000002e   Data           4  bsp.o(.data)
    receChar                                 0x2000003c   Data           4  bspusart1.o(.data)
    g_Tim2Array                              0x2000046c   Data          16  bsptime2.o(.bss)
    __libspace_start                         0x2000089c   Data          96  libspace.o(.bss)
    __temporary_stack_top$libspace           0x200008fc   Data           0  libspace.o(.bss)



==============================================================================

Memory Map of the image

  Image Entry point : 0x08000131

  Load Region LR_IROM1 (Base: 0x08000000, Size: 0x00001964, Max: 0x00002000, ABSOLUTE)

    Execution Region ER_IROM1 (Base: 0x08000000, Size: 0x00001918, Max: 0x00002000, ABSOLUTE)

    Base Addr    Size         Type   Attr      Idx    E Section Name        Object

    0x08000000   0x00000130   Data   RO          444    RESET               stm32f10x_vector.o
    0x08000130   0x00000008   Code   RO         2467  * !!!main             c_w.l(__main.o)
    0x08000138   0x00000034   Code   RO         2626    !!!scatter          c_w.l(__scatter.o)
    0x0800016c   0x0000001a   Code   RO         2628    !!handler_copy      c_w.l(__scatter_copy.o)
    0x08000186   0x00000002   PAD
    0x08000188   0x0000001c   Code   RO         2630    !!handler_zi        c_w.l(__scatter_zi.o)
    0x080001a4   0x00000002   Code   RO         2496    .ARM.Collect$$libinit$$00000000  c_w.l(libinit.o)
    0x080001a6   0x00000000   Code   RO         2503    .ARM.Collect$$libinit$$00000002  c_w.l(libinit2.o)
    0x080001a6   0x00000000   Code   RO         2505    .ARM.Collect$$libinit$$00000004  c_w.l(libinit2.o)
    0x080001a6   0x00000000   Code   RO         2508    .ARM.Collect$$libinit$$0000000A  c_w.l(libinit2.o)
    0x080001a6   0x00000000   Code   RO         2510    .ARM.Collect$$libinit$$0000000C  c_w.l(libinit2.o)
    0x080001a6   0x00000000   Code   RO         2512    .ARM.Collect$$libinit$$0000000E  c_w.l(libinit2.o)
    0x080001a6   0x00000000   Code   RO         2515    .ARM.Collect$$libinit$$00000011  c_w.l(libinit2.o)
    0x080001a6   0x00000000   Code   RO         2517    .ARM.Collect$$libinit$$00000013  c_w.l(libinit2.o)
    0x080001a6   0x00000000   Code   RO         2519    .ARM.Collect$$libinit$$00000015  c_w.l(libinit2.o)
    0x080001a6   0x00000000   Code   RO         2521    .ARM.Collect$$libinit$$00000017  c_w.l(libinit2.o)
    0x080001a6   0x00000000   Code   RO         2523    .ARM.Collect$$libinit$$00000019  c_w.l(libinit2.o)
    0x080001a6   0x00000000   Code   RO         2525    .ARM.Collect$$libinit$$0000001B  c_w.l(libinit2.o)
    0x080001a6   0x00000000   Code   RO         2527    .ARM.Collect$$libinit$$0000001D  c_w.l(libinit2.o)
    0x080001a6   0x00000000   Code   RO         2529    .ARM.Collect$$libinit$$0000001F  c_w.l(libinit2.o)
    0x080001a6   0x00000000   Code   RO         2531    .ARM.Collect$$libinit$$00000021  c_w.l(libinit2.o)
    0x080001a6   0x00000000   Code   RO         2533    .ARM.Collect$$libinit$$00000023  c_w.l(libinit2.o)
    0x080001a6   0x00000000   Code   RO         2535    .ARM.Collect$$libinit$$00000025  c_w.l(libinit2.o)
    0x080001a6   0x00000000   Code   RO         2539    .ARM.Collect$$libinit$$0000002C  c_w.l(libinit2.o)
    0x080001a6   0x00000000   Code   RO         2541    .ARM.Collect$$libinit$$0000002E  c_w.l(libinit2.o)
    0x080001a6   0x00000000   Code   RO         2543    .ARM.Collect$$libinit$$00000030  c_w.l(libinit2.o)
    0x080001a6   0x00000000   Code   RO         2545    .ARM.Collect$$libinit$$00000032  c_w.l(libinit2.o)
    0x080001a6   0x00000002   Code   RO         2546    .ARM.Collect$$libinit$$00000033  c_w.l(libinit2.o)
    0x080001a8   0x00000002   Code   RO         2566    .ARM.Collect$$libshutdown$$00000000  c_w.l(libshutdown.o)
    0x080001aa   0x00000000   Code   RO         2579    .ARM.Collect$$libshutdown$$00000002  c_w.l(libshutdown2.o)
    0x080001aa   0x00000000   Code   RO         2581    .ARM.Collect$$libshutdown$$00000004  c_w.l(libshutdown2.o)
    0x080001aa   0x00000000   Code   RO         2584    .ARM.Collect$$libshutdown$$00000007  c_w.l(libshutdown2.o)
    0x080001aa   0x00000000   Code   RO         2587    .ARM.Collect$$libshutdown$$0000000A  c_w.l(libshutdown2.o)
    0x080001aa   0x00000000   Code   RO         2589    .ARM.Collect$$libshutdown$$0000000C  c_w.l(libshutdown2.o)
    0x080001aa   0x00000000   Code   RO         2592    .ARM.Collect$$libshutdown$$0000000F  c_w.l(libshutdown2.o)
    0x080001aa   0x00000002   Code   RO         2593    .ARM.Collect$$libshutdown$$00000010  c_w.l(libshutdown2.o)
    0x080001ac   0x00000000   Code   RO         2469    .ARM.Collect$$rtentry$$00000000  c_w.l(__rtentry.o)
    0x080001ac   0x00000000   Code   RO         2473    .ARM.Collect$$rtentry$$00000002  c_w.l(__rtentry2.o)
    0x080001ac   0x00000006   Code   RO         2485    .ARM.Collect$$rtentry$$00000004  c_w.l(__rtentry4.o)
    0x080001b2   0x00000000   Code   RO         2475    .ARM.Collect$$rtentry$$00000009  c_w.l(__rtentry2.o)
    0x080001b2   0x00000004   Code   RO         2476    .ARM.Collect$$rtentry$$0000000A  c_w.l(__rtentry2.o)
    0x080001b6   0x00000000   Code   RO         2478    .ARM.Collect$$rtentry$$0000000C  c_w.l(__rtentry2.o)
    0x080001b6   0x00000008   Code   RO         2479    .ARM.Collect$$rtentry$$0000000D  c_w.l(__rtentry2.o)
    0x080001be   0x00000002   Code   RO         2500    .ARM.Collect$$rtexit$$00000000  c_w.l(rtexit.o)
    0x080001c0   0x00000000   Code   RO         2548    .ARM.Collect$$rtexit$$00000002  c_w.l(rtexit2.o)
    0x080001c0   0x00000004   Code   RO         2549    .ARM.Collect$$rtexit$$00000003  c_w.l(rtexit2.o)
    0x080001c4   0x00000006   Code   RO         2550    .ARM.Collect$$rtexit$$00000004  c_w.l(rtexit2.o)
    0x080001ca   0x00000002   PAD
    0x080001cc   0x00000024   Code   RO          445    .text               stm32f10x_vector.o
    0x080001f0   0x0000007a   Code   RO          450    .text               cortexm3_macro.o
    0x0800026a   0x00000048   Code   RO         2455    .text               c_w.l(strcpy.o)
    0x080002b2   0x0000003e   Code   RO         2457    .text               c_w.l(strlen.o)
    0x080002f0   0x00000018   Code   RO         2459    .text               c_w.l(strcat.o)
    0x08000308   0x0000008a   Code   RO         2461    .text               c_w.l(rt_memcpy_v6.o)
    0x08000392   0x0000004e   Code   RO         2463    .text               c_w.l(rt_memclr_w.o)
    0x080003e0   0x00000006   Code   RO         2465    .text               c_w.l(heapauxi.o)
    0x080003e6   0x00000064   Code   RO         2470    .text               c_w.l(rt_memcpy_w.o)
    0x0800044a   0x0000004a   Code   RO         2487    .text               c_w.l(sys_stackheap_outer.o)
    0x08000494   0x00000012   Code   RO         2489    .text               c_w.l(exit.o)
    0x080004a6   0x00000002   PAD
    0x080004a8   0x00000008   Code   RO         2497    .text               c_w.l(libspace.o)
    0x080004b0   0x0000000c   Code   RO         2558    .text               c_w.l(sys_exit.o)
    0x080004bc   0x00000002   Code   RO         2569    .text               c_w.l(use_no_semi.o)
    0x080004be   0x00000000   Code   RO         2571    .text               c_w.l(indicate_semi.o)
    0x080004be   0x00000002   Code   RO          708    i.ADC1_2_IRQHandler  stm32f10x_it.o
    0x080004c0   0x00000002   Code   RO          709    i.ADC3_IRQHandler   stm32f10x_it.o
    0x080004c2   0x00000002   PAD
    0x080004c4   0x00000080   Code   RO           46    i.AppChoose         common.o
    0x08000544   0x00000012   Code   RO          170    i.BspClose          bsp.o
    0x08000556   0x0000001e   Code   RO          171    i.BspInit           bsp.o
    0x08000574   0x0000001a   Code   RO          294    i.BspTim2Close      bsptime2.o
    0x0800058e   0x0000006c   Code   RO          295    i.BspTim2Init       bsptime2.o
    0x080005fa   0x00000002   PAD
    0x080005fc   0x00000028   Code   RO          348    i.BspTim3Close      bsptime3.o
    0x08000624   0x00000074   Code   RO          349    i.BspTim3Init       bsptime3.o
    0x08000698   0x00000028   Code   RO          350    i.BspTim3Open       bsptime3.o
    0x080006c0   0x0000000c   Code   RO          352    i.BspTim3SetIRQCallBack  bsptime3.o
    0x080006cc   0x00000064   Code   RO          395    i.BspUsart1Close    bspusart1.o
    0x08000730   0x0000000c   Code   RO          396    i.BspUsart1IRQCallBack  bspusart1.o
    0x0800073c   0x000000e4   Code   RO          397    i.BspUsart1Init     bspusart1.o
    0x08000820   0x00000094   Code   RO          398    i.BspUsart1Send     bspusart1.o
    0x080008b4   0x00000002   Code   RO          710    i.BusFaultException  stm32f10x_it.o
    0x080008b6   0x00000002   Code   RO          711    i.CAN_RX1_IRQHandler  stm32f10x_it.o
    0x080008b8   0x00000002   Code   RO          712    i.CAN_SCE_IRQHandler  stm32f10x_it.o
    0x080008ba   0x00000002   PAD
    0x080008bc   0x0000004c   Code   RO           47    i.CommonExec        common.o
    0x08000908   0x0000001c   Code   RO           48    i.CommonInit        common.o
    0x08000924   0x00000002   Code   RO          713    i.DMA1_Channel1_IRQHandler  stm32f10x_it.o
    0x08000926   0x00000002   Code   RO          714    i.DMA1_Channel2_IRQHandler  stm32f10x_it.o
    0x08000928   0x00000002   Code   RO          715    i.DMA1_Channel3_IRQHandler  stm32f10x_it.o
    0x0800092a   0x00000002   Code   RO          716    i.DMA1_Channel4_IRQHandler  stm32f10x_it.o
    0x0800092c   0x00000002   Code   RO          717    i.DMA1_Channel5_IRQHandler  stm32f10x_it.o
    0x0800092e   0x00000002   Code   RO          718    i.DMA1_Channel6_IRQHandler  stm32f10x_it.o
    0x08000930   0x00000002   Code   RO          719    i.DMA1_Channel7_IRQHandler  stm32f10x_it.o
    0x08000932   0x00000002   Code   RO          720    i.DMA2_Channel1_IRQHandler  stm32f10x_it.o
    0x08000934   0x00000002   Code   RO          721    i.DMA2_Channel2_IRQHandler  stm32f10x_it.o
    0x08000936   0x00000002   Code   RO          722    i.DMA2_Channel3_IRQHandler  stm32f10x_it.o
    0x08000938   0x00000002   Code   RO          723    i.DMA2_Channel4_5_IRQHandler  stm32f10x_it.o
    0x0800093a   0x00000002   Code   RO          724    i.DebugMonitor      stm32f10x_it.o
    0x0800093c   0x00000010   Code   RO          172    i.Delay             bsp.o
    0x0800094c   0x000000f4   Code   RO           49    i.DisplayMessage    common.o
    0x08000a40   0x00000002   Code   RO          725    i.EXTI0_IRQHandler  stm32f10x_it.o
    0x08000a42   0x00000002   Code   RO          726    i.EXTI15_10_IRQHandler  stm32f10x_it.o
    0x08000a44   0x00000002   Code   RO          727    i.EXTI1_IRQHandler  stm32f10x_it.o
    0x08000a46   0x00000002   Code   RO          728    i.EXTI2_IRQHandler  stm32f10x_it.o
    0x08000a48   0x00000002   Code   RO          729    i.EXTI3_IRQHandler  stm32f10x_it.o
    0x08000a4a   0x00000002   Code   RO          730    i.EXTI4_IRQHandler  stm32f10x_it.o
    0x08000a4c   0x00000002   Code   RO          731    i.EXTI9_5_IRQHandler  stm32f10x_it.o
    0x08000a4e   0x00000002   PAD
    0x08000a50   0x00000040   Code   RO          457    i.FLASH_ErasePage   stm32f10x_flash.o
    0x08000a90   0x00000028   Code   RO          461    i.FLASH_GetStatus   stm32f10x_flash.o
    0x08000ab8   0x00000002   Code   RO          732    i.FLASH_IRQHandler  stm32f10x_it.o
    0x08000aba   0x00000002   PAD
    0x08000abc   0x00000010   Code   RO          466    i.FLASH_Lock        stm32f10x_flash.o
    0x08000acc   0x00000018   Code   RO          467    i.FLASH_PrefetchBufferCmd  stm32f10x_flash.o
    0x08000ae4   0x00000004   Code   RO          122    i.FLASH_ProgramDone  download.o
    0x08000ae8   0x00000038   Code   RO          468    i.FLASH_ProgramHalfWord  stm32f10x_flash.o
    0x08000b20   0x0000003c   Code   RO          123    i.FLASH_ProgramStart  download.o
    0x08000b5c   0x00000018   Code   RO          472    i.FLASH_SetLatency  stm32f10x_flash.o
    0x08000b74   0x00000018   Code   RO          473    i.FLASH_Unlock      stm32f10x_flash.o
    0x08000b8c   0x0000002e   Code   RO          475    i.FLASH_WaitForLastOperation  stm32f10x_flash.o
    0x08000bba   0x00000030   Code   RO          124    i.FLASH_WriteBank   download.o
    0x08000bea   0x00000002   Code   RO          733    i.FSMC_IRQHandler   stm32f10x_it.o
    0x08000bec   0x00000064   Code   RO          173    i.GPIO_Configuration  bsp.o
    0x08000c50   0x0000009a   Code   RO          605    i.GPIO_Init         stm32f10x_gpio.o
    0x08000cea   0x00000004   Code   RO          612    i.GPIO_ResetBits    stm32f10x_gpio.o
    0x08000cee   0x00000004   Code   RO          613    i.GPIO_SetBits      stm32f10x_gpio.o
    0x08000cf2   0x00000002   Code   RO          734    i.HardFaultException  stm32f10x_it.o
    0x08000cf4   0x00000002   Code   RO          735    i.I2C1_ER_IRQHandler  stm32f10x_it.o
    0x08000cf6   0x00000002   Code   RO          736    i.I2C1_EV_IRQHandler  stm32f10x_it.o
    0x08000cf8   0x00000002   Code   RO          737    i.I2C2_ER_IRQHandler  stm32f10x_it.o
    0x08000cfa   0x00000002   Code   RO          738    i.I2C2_EV_IRQHandler  stm32f10x_it.o
    0x08000cfc   0x00000078   Code   RO           50    i.InputSelect       common.o
    0x08000d74   0x00000002   Code   RO          739    i.MemManageException  stm32f10x_it.o
    0x08000d76   0x00000002   Code   RO          740    i.NMIException      stm32f10x_it.o
    0x08000d78   0x00000018   Code   RO          178    i.NVIC_Configuration  bsp.o
    0x08000d90   0x0000007c   Code   RO         1195    i.NVIC_Init         stm32f10x_nvic.o
    0x08000e0c   0x00000014   Code   RO         1196    i.NVIC_PriorityGroupConfig  stm32f10x_nvic.o
    0x08000e20   0x00000014   Code   RO         1204    i.NVIC_SetVectorTable  stm32f10x_nvic.o
    0x08000e34   0x00000002   Code   RO          741    i.PVD_IRQHandler    stm32f10x_it.o
    0x08000e36   0x00000002   Code   RO          742    i.PendSVC           stm32f10x_it.o
    0x08000e38   0x00000018   Code   RO           51    i.Print             common.o
    0x08000e50   0x00000018   Code   RO         1367    i.RCC_APB1PeriphClockCmd  stm32f10x_rcc.o
    0x08000e68   0x00000018   Code   RO         1368    i.RCC_APB1PeriphResetCmd  stm32f10x_rcc.o
    0x08000e80   0x00000018   Code   RO         1369    i.RCC_APB2PeriphClockCmd  stm32f10x_rcc.o
    0x08000e98   0x00000018   Code   RO         1370    i.RCC_APB2PeriphResetCmd  stm32f10x_rcc.o
    0x08000eb0   0x00000068   Code   RO          179    i.RCC_Configuration  bsp.o
    0x08000f18   0x0000003c   Code   RO         1376    i.RCC_DeInit        stm32f10x_rcc.o
    0x08000f54   0x00000094   Code   RO         1377    i.RCC_GetClocksFreq  stm32f10x_rcc.o
    0x08000fe8   0x00000030   Code   RO         1378    i.RCC_GetFlagStatus  stm32f10x_rcc.o
    0x08001018   0x00000010   Code   RO         1380    i.RCC_GetSYSCLKSource  stm32f10x_rcc.o
    0x08001028   0x00000014   Code   RO         1381    i.RCC_HCLKConfig    stm32f10x_rcc.o
    0x0800103c   0x00000034   Code   RO         1382    i.RCC_HSEConfig     stm32f10x_rcc.o
    0x08001070   0x00000002   Code   RO          743    i.RCC_IRQHandler    stm32f10x_it.o
    0x08001072   0x00000002   PAD
    0x08001074   0x00000014   Code   RO         1388    i.RCC_PCLK1Config   stm32f10x_rcc.o
    0x08001088   0x00000014   Code   RO         1389    i.RCC_PCLK2Config   stm32f10x_rcc.o
    0x0800109c   0x0000000c   Code   RO         1390    i.RCC_PLLCmd        stm32f10x_rcc.o
    0x080010a8   0x00000014   Code   RO         1391    i.RCC_PLLConfig     stm32f10x_rcc.o
    0x080010bc   0x00000014   Code   RO         1394    i.RCC_SYSCLKConfig  stm32f10x_rcc.o
    0x080010d0   0x00000034   Code   RO         1396    i.RCC_WaitForHSEStartUp  stm32f10x_rcc.o
    0x08001104   0x00000002   Code   RO          744    i.RTCAlarm_IRQHandler  stm32f10x_it.o
    0x08001106   0x00000002   Code   RO          745    i.RTC_IRQHandler    stm32f10x_it.o
    0x08001108   0x00000024   Code   RO           52    i.ReceOneChar       common.o
    0x0800112c   0x00000090   Code   RO           53    i.ReceiveData       common.o
    0x080011bc   0x000000c8   Code   RO          146    i.ReceivePacket     ymodem.o
    0x08001284   0x00000002   Code   RO          746    i.SDIO_IRQHandler   stm32f10x_it.o
    0x08001286   0x00000002   Code   RO          747    i.SPI1_IRQHandler   stm32f10x_it.o
    0x08001288   0x00000002   Code   RO          748    i.SPI2_IRQHandler   stm32f10x_it.o
    0x0800128a   0x00000002   Code   RO          749    i.SPI3_IRQHandler   stm32f10x_it.o
    0x0800128c   0x00000002   Code   RO          750    i.SVCHandler        stm32f10x_it.o
    0x0800128e   0x00000002   Code   RO          751    i.SysTickHandler    stm32f10x_it.o
    0x08001290   0x00000002   Code   RO          752    i.TAMPER_IRQHandler  stm32f10x_it.o
    0x08001292   0x00000002   Code   RO          753    i.TIM1_BRK_IRQHandler  stm32f10x_it.o
    0x08001294   0x00000002   Code   RO          754    i.TIM1_CC_IRQHandler  stm32f10x_it.o
    0x08001296   0x00000002   Code   RO          755    i.TIM1_TRG_COM_IRQHandler  stm32f10x_it.o
    0x08001298   0x00000002   Code   RO          756    i.TIM1_UP_IRQHandler  stm32f10x_it.o
    0x0800129a   0x00000002   PAD
    0x0800129c   0x00000034   Code   RO          296    i.TIM2_IRQHandler   bsptime2.o
    0x080012d0   0x00000030   Code   RO          353    i.TIM3_IRQHandler   bsptime3.o
    0x08001300   0x00000002   Code   RO          757    i.TIM4_IRQHandler   stm32f10x_it.o
    0x08001302   0x00000002   Code   RO          758    i.TIM5_IRQHandler   stm32f10x_it.o
    0x08001304   0x00000002   Code   RO          759    i.TIM6_IRQHandler   stm32f10x_it.o
    0x08001306   0x00000002   Code   RO          760    i.TIM7_IRQHandler   stm32f10x_it.o
    0x08001308   0x00000002   Code   RO          761    i.TIM8_BRK_IRQHandler  stm32f10x_it.o
    0x0800130a   0x00000002   Code   RO          762    i.TIM8_CC_IRQHandler  stm32f10x_it.o
    0x0800130c   0x00000002   Code   RO          763    i.TIM8_TRG_COM_IRQHandler  stm32f10x_it.o
    0x0800130e   0x00000002   Code   RO          764    i.TIM8_UP_IRQHandler  stm32f10x_it.o
    0x08001310   0x00000006   Code   RO         1719    i.TIM_ClearITPendingBit  stm32f10x_tim.o
    0x08001316   0x00000016   Code   RO         1724    i.TIM_Cmd           stm32f10x_tim.o
    0x0800132c   0x000000b4   Code   RO         1729    i.TIM_DeInit        stm32f10x_tim.o
    0x080013e0   0x00000018   Code   RO         1745    i.TIM_GetITStatus   stm32f10x_tim.o
    0x080013f8   0x00000010   Code   RO         1749    i.TIM_ITConfig      stm32f10x_tim.o
    0x08001408   0x00000004   Code   RO         1789    i.TIM_SetCounter    stm32f10x_tim.o
    0x0800140c   0x0000003c   Code   RO         1795    i.TIM_TimeBaseInit  stm32f10x_tim.o
    0x08001448   0x00000018   Code   RO           54    i.TimEndHandle      common.o
    0x08001460   0x00000002   Code   RO          765    i.UART4_IRQHandler  stm32f10x_it.o
    0x08001462   0x00000002   Code   RO          766    i.UART5_IRQHandler  stm32f10x_it.o
    0x08001464   0x00000002   Code   RO          767    i.USART1_IRQHandler  stm32f10x_it.o
    0x08001466   0x00000002   PAD
    0x08001468   0x000000fc   Code   RO          399    i.USART2_IRQHandler  bspusart1.o
    0x08001564   0x00000002   Code   RO          768    i.USART3_IRQHandler  stm32f10x_it.o
    0x08001566   0x0000000c   Code   RO         2244    i.USART_ClearITPendingBit  stm32f10x_usart.o
    0x08001572   0x00000014   Code   RO         2247    i.USART_Cmd         stm32f10x_usart.o
    0x08001586   0x0000000e   Code   RO         2250    i.USART_GetFlagStatus  stm32f10x_usart.o
    0x08001594   0x0000003e   Code   RO         2251    i.USART_GetITStatus  stm32f10x_usart.o
    0x080015d2   0x00000030   Code   RO         2253    i.USART_ITConfig    stm32f10x_usart.o
    0x08001602   0x00000002   PAD
    0x08001604   0x0000008c   Code   RO         2254    i.USART_Init        stm32f10x_usart.o
    0x08001690   0x00000008   Code   RO         2259    i.USART_ReceiveData  stm32f10x_usart.o
    0x08001698   0x00000008   Code   RO         2262    i.USART_SendData    stm32f10x_usart.o
    0x080016a0   0x00000002   Code   RO          769    i.USBWakeUp_IRQHandler  stm32f10x_it.o
    0x080016a2   0x00000002   Code   RO          770    i.USB_HP_CAN_TX_IRQHandler  stm32f10x_it.o
    0x080016a4   0x00000002   Code   RO          771    i.USB_LP_CAN_RX0_IRQHandler  stm32f10x_it.o
    0x080016a6   0x00000002   Code   RO          772    i.UsageFaultException  stm32f10x_it.o
    0x080016a8   0x00000002   Code   RO          773    i.WWDG_IRQHandler   stm32f10x_it.o
    0x080016aa   0x00000002   PAD
    0x080016ac   0x00000174   Code   RO          147    i.YmodemReceive     ymodem.o
    0x08001820   0x00000034   Code   RO          148    i.YmodemSendChar    ymodem.o
    0x08001854   0x00000090   Code   RO            1    i.main              main.o
    0x080018e4   0x00000014   Data   RO         1397    .constdata          stm32f10x_rcc.o
    0x080018f8   0x00000020   Data   RO         2624    Region$$Table       anon$$obj.o


    Execution Region RW_IRAM1 (Base: 0x20000000, Size: 0x00001100, Max: 0x00010000, ABSOLUTE)

    Base Addr    Size         Type   Attr      Idx    E Section Name        Object

    0x20000000   0x00000020   Data   RW           56    .data               common.o
    0x20000020   0x0000000c   Data   RW          149    .data               ymodem.o
    0x2000002c   0x00000006   Data   RW          182    .data               bsp.o
    0x20000032   0x00000002   PAD
    0x20000034   0x00000004   Data   RW          354    .data               bsptime3.o
    0x20000038   0x0000000c   Data   RW          401    .data               bspusart1.o
    0x20000044   0x00000008   Data   RW         1398    .data               stm32f10x_rcc.o
    0x2000004c   0x00000420   Zero   RW           55    .bss                common.o
    0x2000046c   0x00000010   Zero   RW          297    .bss                bsptime2.o
    0x2000047c   0x00000420   Zero   RW          400    .bss                bspusart1.o
    0x2000089c   0x00000060   Zero   RW         2498    .bss                c_w.l(libspace.o)
    0x200008fc   0x00000004   PAD
    0x20000900   0x00000400   Zero   RW          443    HEAP                stm32f10x_vector.o
    0x20000d00   0x00000400   Zero   RW          442    STACK               stm32f10x_vector.o


==============================================================================

Image component sizes


      Code (inc. data)   RO Data    RW Data    ZI Data      Debug   Object Name

       292         30          0          6          0      19285   bsp.o
       186          4          0          0         16      60869   bsptime2.o
       256         30          0          4          0       3109   bsptime3.o
       740         54          0         12       1056      10223   bspusart1.o
       824        332          0         32       1056      12270   common.o
       122          0          0          0          0        372   cortexm3_macro.o
       112         10          0          0          0       2315   download.o
       144         90          0          0          0       4515   main.o
       294         44          0          0          0      11158   stm32f10x_flash.o
       162          0          0          0          0       2832   stm32f10x_gpio.o
       132          0          0          0          0      36108   stm32f10x_it.o
       164         24          0          0          0       2233   stm32f10x_nvic.o
       584        108         20          8          0      11368   stm32f10x_rcc.o
       312         20          0          0          0       7643   stm32f10x_tim.o
       312          6          0          0          0       6527   stm32f10x_usart.o
        36         22        304          0       2048        408   stm32f10x_vector.o
       624         16          0         12          0       3917   ymodem.o

    ----------------------------------------------------------------------
      5316        790        356         76       4176     195152   Object Totals
         0          0         32          0          0          0   (incl. Generated)
        20          0          0          2          0          0   (incl. Padding)

    ----------------------------------------------------------------------

      Code (inc. data)   RO Data    RW Data    ZI Data      Debug   Library Member Name

         8          0          0          0          0         68   __main.o
         0          0          0          0          0          0   __rtentry.o
        12          0          0          0          0          0   __rtentry2.o
         6          0          0          0          0          0   __rtentry4.o
        52          8          0          0          0          0   __scatter.o
        26          0          0          0          0          0   __scatter_copy.o
        28          0          0          0          0          0   __scatter_zi.o
        18          0          0          0          0         80   exit.o
         6          0          0          0          0        152   heapauxi.o
         0          0          0          0          0          0   indicate_semi.o
         2          0          0          0          0          0   libinit.o
         2          0          0          0          0          0   libinit2.o
         2          0          0          0          0          0   libshutdown.o
         2          0          0          0          0          0   libshutdown2.o
         8          4          0          0         96         68   libspace.o
        78          0          0          0          0         80   rt_memclr_w.o
       138          0          0          0          0         68   rt_memcpy_v6.o
       100          0          0          0          0         80   rt_memcpy_w.o
         2          0          0          0          0          0   rtexit.o
        10          0          0          0          0          0   rtexit2.o
        24          0          0          0          0         68   strcat.o
        72          0          0          0          0         80   strcpy.o
        62          0          0          0          0         76   strlen.o
        12          4          0          0          0         68   sys_exit.o
        74          0          0          0          0         80   sys_stackheap_outer.o
         2          0          0          0          0         68   use_no_semi.o

    ----------------------------------------------------------------------
       752         16          0          0        100       1036   Library Totals
         6          0          0          0          4          0   (incl. Padding)

    ----------------------------------------------------------------------

      Code (inc. data)   RO Data    RW Data    ZI Data      Debug   Library Name

       746         16          0          0         96       1036   c_w.l

    ----------------------------------------------------------------------
       752         16          0          0        100       1036   Library Totals

    ----------------------------------------------------------------------

==============================================================================


      Code (inc. data)   RO Data    RW Data    ZI Data      Debug   

      6068        806        356         76       4276     188436   Grand Totals
      6068        806        356         76       4276     188436   ELF Image Totals
      6068        806        356         76          0          0   ROM Totals

==============================================================================

    Total RO  Size (Code + RO Data)                 6424 (   6.27kB)
    Total RW  Size (RW Data + ZI Data)              4352 (   4.25kB)
    Total ROM Size (Code + RO Data + RW Data)       6500 (   6.35kB)

==============================================================================

